Archive member included because of file (symbol)

libee.a(ee_hal_structs.o)     obj/code.o (EE_IRQ_nesting_level)
libee.a(ee_utils.o)           obj/code.o (EE_system_init)
libee.a(ee_gnu_change_context_isr.o)
                              obj/code.o (EE_switch_context)
libee.a(ee_irqendin.o)        libee.a(ee_gnu_change_context_isr.o) (EE_IRQ_end_instance)
libee.a(ee_tstub.o)           obj/eecfg.o (EE_oo_thread_stub)
libee.a(ee_lookup.o)          libee.a(ee_irqendin.o) (EE_oo_IRQ_disable_count)
libee.a(ee_rq_exchg.o)        libee.a(ee_irqendin.o) (EE_rq2stk_exchange)
libee.a(ee_alsetrel.o)        obj/code.o (EE_oo_SetRelAlarm)
libee.a(ee_altick.o)          libee.a(ee_alsetrel.o) (EE_oo_counter_object_insert)
libee.a(ee_context.o)         libee.a(ee_gnu_change_context_isr.o) (EE_cortex_mx_change_context)
libee.a(ee_gnu_oo.o)          libee.a(ee_tstub.o) (EE_hal_terminate_savestk)
libee.a(ee_tnterm.o)          libee.a(ee_gnu_oo.o) (EE_thread_not_terminated)
libee.a(ee_rq_inser.o)        libee.a(ee_altick.o) (EE_rq_insert)
libee.a(ee_context.o)         libee.a(ee_context.o) (EE_std_run_task_code)
libee.a(ee_thendin.o)         libee.a(ee_context.o) (EE_thread_end_instance)
libstm32f4xxspd.a(stm32f4xx_dma.o)
                              obj/STMPE811QTR.o (DMA_DeInit)
libstm32f4xxspd.a(stm32f4xx_fsmc.o)
                              obj/Widget.o (FSMC_NORSRAMDeInit)
libstm32f4xxspd.a(stm32f4xx_gpio.o)
                              obj/STMPE811QTR.o (GPIO_Init)
libstm32f4xxspd.a(stm32f4xx_i2c.o)
                              obj/STMPE811QTR.o (I2C_Init)
libstm32f4xxspd.a(stm32f4xx_rcc.o)
                              libstm32f4xxspd.a(stm32f4xx_i2c.o) (RCC_GetClocksFreq)
c:/gnu/arm/bin/../lib/gcc/arm-none-eabi/4.9.3/armv7e-m\libgcc.a(_arm_addsubdf3.o)
                              obj/Watch.o (__aeabi_dsub)
c:/gnu/arm/bin/../lib/gcc/arm-none-eabi/4.9.3/armv7e-m\libgcc.a(_arm_muldivdf3.o)
                              obj/Watch.o (__aeabi_dmul)
c:/gnu/arm/bin/../lib/gcc/arm-none-eabi/4.9.3/armv7e-m\libgcc.a(_arm_cmpdf2.o)
                              obj/Widget.o (__aeabi_dcmplt)
c:/gnu/arm/bin/../lib/gcc/arm-none-eabi/4.9.3/armv7e-m\libgcc.a(_arm_fixdfsi.o)
                              obj/Touch.o (__aeabi_d2iz)
c:/gnu/arm/bin/../lib/gcc/arm-none-eabi/4.9.3/armv7e-m\libgcc.a(_arm_fixunsdfsi.o)
                              obj/Watch.o (__aeabi_d2uiz)
c:/gnu/arm/bin/../lib/gcc/arm-none-eabi/4.9.3/armv7e-m\libgcc.a(_arm_truncdfsf2.o)
                              obj/Watch.o (__aeabi_d2f)
c:/gnu/arm/bin/../lib/gcc/arm-none-eabi/4.9.3/armv7e-m\libgcc.a(_arm_addsubsf3.o)
                              obj/Touch.o (__aeabi_fsub)
c:/gnu/arm/bin/../lib/gcc/arm-none-eabi/4.9.3/armv7e-m\libgcc.a(_arm_muldivsf3.o)
                              obj/Touch.o (__aeabi_fmul)
c:/gnu/arm/bin/../lib/gcc/arm-none-eabi/4.9.3/armv7e-m\libgcc.a(_arm_fixsfsi.o)
                              obj/Touch.o (__aeabi_f2iz)
c:/gnu/arm/bin/../lib/gcc/arm-none-eabi/4.9.3/armv7e-m\libgcc.a(_arm_fixunssfsi.o)
                              obj/Touch.o (__aeabi_f2uiz)
C:\gnu\ARM\arm-none-eabi\lib\thumb\libc.a(lib_a-exit.o)
                              c:/gnu/arm/bin/../lib/gcc/arm-none-eabi/4.9.3/../../../../arm-none-eabi/lib/armv7e-m/crt0.o (exit)
C:\gnu\ARM\arm-none-eabi\lib\thumb\libc.a(lib_a-impure.o)
                              C:\gnu\ARM\arm-none-eabi\lib\thumb\libc.a(lib_a-exit.o) (_global_impure_ptr)
C:\gnu\ARM\arm-none-eabi\lib\thumb\libc.a(lib_a-init.o)
                              c:/gnu/arm/bin/../lib/gcc/arm-none-eabi/4.9.3/../../../../arm-none-eabi/lib/armv7e-m/crt0.o (__libc_init_array)
C:\gnu\ARM\arm-none-eabi\lib\thumb\libc.a(lib_a-memset.o)
                              c:/gnu/arm/bin/../lib/gcc/arm-none-eabi/4.9.3/../../../../arm-none-eabi/lib/armv7e-m/crt0.o (memset)
C:\gnu\ARM\arm-none-eabi\lib\thumb\libc.a(lib_a-sprintf.o)
                              obj/code.o (sprintf)
C:\gnu\ARM\arm-none-eabi\lib\thumb\libc.a(lib_a-svfprintf.o)
                              C:\gnu\ARM\arm-none-eabi\lib\thumb\libc.a(lib_a-sprintf.o) (_svfprintf_r)
C:\gnu\ARM\arm-none-eabi\lib\thumb\libc.a(lib_a-__call_atexit.o)
                              C:\gnu\ARM\arm-none-eabi\lib\thumb\libc.a(lib_a-exit.o) (__call_exitprocs)
C:\gnu\ARM\arm-none-eabi\lib\thumb\libc.a(lib_a-atexit.o)
                              C:\gnu\ARM\arm-none-eabi\lib\thumb\libc.a(lib_a-__call_atexit.o) (atexit)
C:\gnu\ARM\arm-none-eabi\lib\thumb\libc.a(lib_a-dtoa.o)
                              C:\gnu\ARM\arm-none-eabi\lib\thumb\libc.a(lib_a-svfprintf.o) (_dtoa_r)
C:\gnu\ARM\arm-none-eabi\lib\thumb\libc.a(lib_a-fini.o)
                              C:\gnu\ARM\arm-none-eabi\lib\thumb\libc.a(lib_a-__call_atexit.o) (__libc_fini_array)
C:\gnu\ARM\arm-none-eabi\lib\thumb\libc.a(lib_a-locale.o)
                              C:\gnu\ARM\arm-none-eabi\lib\thumb\libc.a(lib_a-svfprintf.o) (_localeconv_r)
C:\gnu\ARM\arm-none-eabi\lib\thumb\libc.a(lib_a-mallocr.o)
[...]
Memory Configuration

Name             Origin             Length             Attributes
FLASH            0x08000000         0x00100000         xr
RAM              0x20000000         0x00020000         xrw
CCM              0x10000000         0x00010000         xrw
MEMORY_B1        0x60000000         0x00000000         xr
*default*        0x00000000         0xffffffff

Linker script and memory map

LOAD c:/gnu/arm/bin/../lib/gcc/arm-none-eabi/4.9.3/armv7e-m/crti.o
LOAD c:/gnu/arm/bin/../lib/gcc/arm-none-eabi/4.9.3/armv7e-m/crtbegin.o
LOAD c:/gnu/arm/bin/../lib/gcc/arm-none-eabi/4.9.3/../../../../arm-none-eabi/lib/armv7e-m/crt0.o
LOAD obj/Event.o
LOAD obj/NumbersView.o
LOAD obj/STMPE811QTR.o
LOAD obj/SW_wrapper.o
LOAD obj/StopWachFSM.o
LOAD obj/Touch.o
LOAD obj/Watch.o
LOAD obj/Widget.o
LOAD obj/WidgetConfig.o
LOAD obj/WigetsView.o
LOAD obj/code.o
LOAD obj/debug.o
LOAD obj/eecfg.o
LOAD obj/pictures.o
LOAD obj/pkg/mcu/st_stm32_stm32f4xx/src/startup_stm32f4xx_gnu.o
LOAD obj/pkg/mcu/st_stm32_stm32f4xx/src/system_stm32f4xx.o
LOAD libee.a
LOAD libstm32f4discovery.a
LOAD libstm32f4xxspd.a
START GROUP
LOAD c:/gnu/arm/bin/../lib/gcc/arm-none-eabi/4.9.3/armv7e-m\libgcc.a
LOAD C:\gnu\ARM\arm-none-eabi\lib\thumb\libc.a
LOAD C:\gnu\ARM\arm-none-eabi\lib\thumb\libm.a
LOAD C:\gnu\ARM\arm-none-eabi\lib\thumb\libnosys.a
END GROUP

.text           0x08000000    0x7fc98
 *(.isr_vector)
 .isr_vector    0x08000000      0x188 obj/pkg/mcu/st_stm32_stm32f4xx/src/startup_stm32f4xx_gnu.o
                0x08000000                __isr_vector
 *(.text*)
 .text          0x08000188        0x0 c:/gnu/arm/bin/../lib/gcc/arm-none-eabi/4.9.3/armv7e-m/crti.o
 .text          0x08000188       0x5c c:/gnu/arm/bin/../lib/gcc/arm-none-eabi/4.9.3/armv7e-m/crtbegin.o
 .text          0x080001e4       0x74 c:/gnu/arm/bin/../lib/gcc/arm-none-eabi/4.9.3/../../../../arm-none-eabi/lib/armv7e-m/crt0.o
                0x080001e4                _start
                0x080001e4                _mainCRTStartup
 .text          0x08000258        0x0 obj/Event.o
 .text          0x08000258      0x168 obj/NumbersView.o
                0x08000258                DigitDraw
                0x080002a0                DigitDraw_Segment
                0x080002cc                DigitUpdate
                0x08000308                getDigit
                0x08000374                SetCurrentDigits
 .text          0x080003c0      0xe20 obj/STMPE811QTR.o
                0x080003c0                IOE_Config
                0x080003f8                IOE_ITConfig
                0x0800043c                IOE_TS_GetState
                0x08000510                IOE_GetGITStatus
                0x08000550                IOE_ClearGITPending
                0x08000578                IOE_GetIOITStatus
                0x080005b4                IOE_IsOperational
                0x080005f0                IOE_Reset
                0x08000624                IOE_ReadID
                0x08000664                IOE_FnctCmd
                0x080006c0                IOE_IOPinConfig
                0x0800071c                IOE_GITCmd
                0x0800076c                IOE_GITConfig
                0x080007c8                IOE_IOITConfig
                0x08000824                IOE_TS_Config
                0x08000924                IOE_IOAFConfig
                0x08000980                IOE_IOEdgeConfig
                0x08000a1c                IOE_ITOutConfig
                0x08000a68                I2C_WriteDeviceRegister
                0x08000bd8                I2C_ReadDeviceRegister
                0x08000da0                I2C_ReadDataBuffer
                0x08000f7c                IOE_TS_Read_X
                0x08000fc8                IOE_TS_Read_Y
 .text          0x080011e0      0xcc0 obj/SW_wrapper.o
                0x08001a60                SW_wrapper_step
                0x08001d8c                SW_wrapper_initialize
 .text          0x08001ea0      0xa64 obj/StopWachFSM.o
                0x08001ea0                DecodeEvents
                0x08001f5c                SWatchFSMUpdateTime
                0x08002010                SWatchFSMInit
                0x0800205c                SWatchFSMGetWatch
                0x08002090                SWatchFSMTran
                0x080020ac                SWatchFSMSubTran
                0x080020c8                SWatchTestAlarm
                0x08002128                SWatchChronoControlView
                0x08002188                SWatchChronoControlOff
                0x080021e8                SWatchFSMDispatch
 .text          0x08002904      0x5d8 obj/Touch.o
                0x08002904                delay
                0x08002938                Draw_Calibration_Mark
                0x08002980                Lcd_Touch_Calibration
                0x08002c30                GetTouch_TC_Async
                0x08002ca0                GetTouch_TC_Sync
                0x08002d10                GetTouch_SC_Async
                0x08002dd8                GetTouch_SC_Sync
                0x08002ea0                InitTouch
 *fill*         0x08002edc        0x4 
 .text          0x08002ee0      0x854 obj/Watch.o
                0x08002ee0                drawTenths
                0x08003004                drawSeconds
                0x0800312c                drawMinutes
                0x0800326c                drawHours
                0x080033fc                drawTime
                0x0800345c                drawCenter
                0x0800348c                setTime
                0x080034c8                initTime
                0x080034f4                copyTime
                0x08003528                tickSeconds
                0x080035c4                TickTenth
                0x08003694                updateClock
 .text          0x08003734     0x1f54 obj/Widget.o
                0x08003734                LCD_DeInit
                0x08003974                LCD_CtrlLinesConfig
                0x08003aec                LCD_FSMCConfig
                0x08003b6c                STM32f4_Discovery_LCD_Init
                0x08003cdc                LCD_SetCursor
                0x08003d08                LCD_WriteReg
                0x08003d38                LCD_ReadReg
                0x08003d64                LCD_WriteRAM_Prepare
                0x08003d78                LCD_WriteRAM
                0x08003d98                LCD_ReadRAM
                0x08003db0                LCD_RGB_Test
                0x08003e18                LCD_SetColors
                0x08003e4c                LCD_GetColors
                0x08003e7c                LCD_SetTextColor
                0x08003e9c                LCD_SetBackColor
                0x08003ebc                LCD_DisplayOff
                0x08003ec8                LCD_DisplayOn
                0x08003ed4                LCD_SetFont
                0x08003ef0                LCD_GetFont
                0x08003f08                LCD_ClearLine
                0x08003f44                LCD_Clear
                0x08003f84                LCD_DrawPicture
                0x08004098                LCD_DrawChar
                0x0800419c                LCD_DrawCharXY
                0x080042d4                LCD_DisplayChar
                0x0800431c                LCD_DisplayCharXY
                0x0800436c                LCD_DisplayStringXY
                0x080043c0                LCD_DisplayStringLine
                0x08004414                LCD_SetDisplayWindow
                0x0800449c                LCD_WindowModeDisable
                0x080044a8                LCD_DrawLine
                0x08004544                LCD_DrawRect
                0x080045c8                LCD_DrawFilledCircle
                0x0800463c                LCD_DrawCircle
                0x08004808                LCD_DrawMonoPict
                0x0800488c                LCD_WriteBMP
                0x0800492c                LCD_DrawFilledRect
                0x080049c0                LCD_DrawFullRect
                0x08004a94                LCD_DrawFullCircle
                0x08004bd4                LCD_DrawUniLine
                0x08004d50                LCD_PolyLine
                0x08004e4c                LCD_ClosedPolyLine
                0x08004ea0                LCD_PolyLineRelative
                0x08004ec0                LCD_ClosedPolyLineRelative
                0x08004ee0                LCD_FillPolyLine
                0x080053b4                contains
                0x08005414                OnTouch
                0x08005484                DrawInit
                0x080054d0                DrawOn
                0x08005530                DrawDelete
                0x08005590                DrawOff
                0x080055f0                WPrint
                0x0800563c                myWPrint
 .text          0x08005688        0x0 obj/WidgetConfig.o
 .text          0x08005688       0x88 obj/WigetsView.o
                0x08005688                UpdateMode
 .text          0x08005710      0x76c obj/code.o
                0x08005744                Delay
                0x08005780                systick_handler
                0x0800583c                ISR2_systick_handler
                0x08005848                FuncTaskLCD
                0x08005884                setTimeString
                0x080058bc                IsUpdateTime
                0x08005930                UpdateTime
                0x08005998                strencode2digit
                0x080059ec                TickCrono
                0x08005a0c                FuncTaskClock
                0x08005d14                main
 .text          0x08005e7c       0x4c obj/debug.o
                0x08005e7c                debuginfo
 .text          0x08005ec8       0x34 obj/eecfg.o
 .text          0x08005efc        0x0 obj/pictures.o
 .text          0x08005efc        0x0 obj/pkg/mcu/st_stm32_stm32f4xx/src/startup_stm32f4xx_gnu.o
 .text.EE_cortex_mx_default_reset_ISR
                0x08005efc       0x40 obj/pkg/mcu/st_stm32_stm32f4xx/src/startup_stm32f4xx_gnu.o
                0x08005efc                EE_cortex_mx_default_reset_ISR
 .text.EE_cortex_mx_default_ISR
                0x08005f3c        0x4 obj/pkg/mcu/st_stm32_stm32f4xx/src/startup_stm32f4xx_gnu.o
                0x08005f3c                EE_CORTEX_MX_DMA1_STREAM4_ISR
                0x08005f3c                EE_CORTEX_MX_USART6_ISR
                0x08005f3c                EE_CORTEX_MX_DMA1_STREAM6_ISR
                0x08005f3c                EE_CORTEX_MX_CRYP_ISR
                0x08005f3c                EE_CORTEX_MX_DMA1_STREAM5_ISR
                0x08005f3c                EE_CORTEX_MX_BUS_FAULT_ISR
                0x08005f3c                EE_CORTEX_MX_PVD_ISR
                0x08005f3c                EE_CORTEX_MX_SPI2_ISR
                0x08005f3c                EE_CORTEX_MX_CAN1_RX1_ISR
                0x08005f3c                EE_CORTEX_MX_DMA2_STREAM5_ISR
                0x08005f3c                EE_CORTEX_MX_TIM6_DAC_ISR
                0x08005f3c                EE_CORTEX_MX_I2C2_EV_ISR
                0x08005f3c                EE_CORTEX_MX_TIM1_UP_TIM10_ISR
                0x08005f3c                EE_CORTEX_MX_CAN1_RX0_ISR
                0x08005f3c                EE_CORTEX_MX_USART1_ISR
                0x08005f3c                EE_CORTEX_MX_TIM8_CC_ISR
                0x08005f3c                EE_CORTEX_MX_RTC_Alarm_ISR
                0x08005f3c                EE_CORTEX_MX_EXTI2_ISR
                0x08005f3c                EE_CORTEX_MX_OTG_HS_ISR
                0x08005f3c                EE_CORTEX_MX_DCMI_ISR
                0x08005f3c                EE_CORTEX_MX_DMA2_STREAM0_ISR
                0x08005f3c                EE_CORTEX_MX_SPI1_ISR
                0x08005f3c                EE_cortex_mx_default_ISR
                0x08005f3c                EE_CORTEX_MX_ETH_WKUP_ISR
                0x08005f3c                EE_CORTEX_MX_TIM8_TRG_COM_TIM14_ISR
                0x08005f3c                EE_CORTEX_MX_USAGE_FAULT_ISR
                0x08005f3c                EE_CORTEX_MX_TIM7_ISR
                0x08005f3c                EE_CORTEX_MX_TIM2_ISR
                0x08005f3c                EE_CORTEX_MX_I2C1_EV_ISR
                0x08005f3c                EE_CORTEX_MX_TIM1_TRG_COM_TIM11_ISR
                0x08005f3c                EE_CORTEX_MX_UART5_ISR
                0x08005f3c                EE_CORTEX_MX_UART4_ISR
                0x08005f3c                EE_CORTEX_MX_NMI_ISR
                0x08005f3c                EE_CORTEX_MX_TIM3_ISR
                0x08005f3c                EE_CORTEX_MX_USART3_ISR
                0x08005f3c                EE_CORTEX_MX_DMA2_STREAM4_ISR
                0x08005f3c                EE_CORTEX_MX_EXTI4_ISR
                0x08005f3c                EE_CORTEX_MX_ADC_ISR
                0x08005f3c                EE_CORTEX_MX_OTG_HS_EP1_IN_ISR
                0x08005f3c                EE_CORTEX_MX_DMA2_STREAM1_ISR
                0x08005f3c                EE_CORTEX_MX_CAN1_TX_ISR
                0x08005f3c                EE_CORTEX_MX_USART2_ISR
                0x08005f3c                EE_CORTEX_MX_SDIO_ISR
                0x08005f3c                EE_CORTEX_MX_I2C2_ER_ISR
                0x08005f3c                EE_CORTEX_MX_I2C3_EV_ISR
                0x08005f3c                EE_CORTEX_MX_HARD_FAULT_ISR
                0x08005f3c                EE_CORTEX_MX_DMA1_STREAM3_ISR
                0x08005f3c                EE_CORTEX_MX_OTG_HS_EP1_OUT_ISR
                0x08005f3c                EE_CORTEX_MX_TIM8_BRK_TIM12_ISR
                0x08005f3c                EE_CORTEX_MX_CAN1_SCE_ISR
                0x08005f3c                EE_CORTEX_MX_DMA1_STREAM1_ISR
                0x08005f3c                EE_CORTEX_MX_TIM4_ISR
                0x08005f3c                EE_CORTEX_MX_DMA2_STREAM3_ISR
                0x08005f3c                EE_CORTEX_MX_ETH_ISR
                0x08005f3c                EE_CORTEX_MX_OTG_FS_ISR
                0x08005f3c                EE_CORTEX_MX_CAN2_RX0_ISR
                0x08005f3c                EE_CORTEX_MX_CAN2_SCE_ISR
                0x08005f3c                EE_CORTEX_MX_FPU_ISR
                0x08005f3c                EE_CORTEX_MX_RTC_WKUP_ISR
                0x08005f3c                EE_CORTEX_MX_TIM8_UP_TIM13_ISR
                0x08005f3c                EE_CORTEX_MX_OTG_FS_WKUP_ISR
                0x08005f3c                EE_CORTEX_MX_DMA1_STREAM2_ISR
                0x08005f3c                EE_CORTEX_MX_EXTI9_5_ISR
                0x08005f3c                EE_CORTEX_MX_EXTI3_ISR
                0x08005f3c                EE_CORTEX_MX_EXTI0_ISR
                0x08005f3c                EE_CORTEX_MX_I2C1_ER_ISR
                0x08005f3c                EE_CORTEX_MX_FLASH_ISR
                0x08005f3c                EE_CORTEX_MX_OTG_HS_WKUP_ISR
                0x08005f3c                EE_CORTEX_MX_TIM1_BRK_TIM9_ISR
                0x08005f3c                EE_CORTEX_MX_I2C3_ER_ISR
                0x08005f3c                EE_CORTEX_MX_TIM1_CC_ISR
                0x08005f3c                EE_CORTEX_MX_SPI3_ISR
                0x08005f3c                EE_CORTEX_MX_EXTI15_10_ISR
                0x08005f3c                EE_CORTEX_MX_CAN2_TX_ISR
                0x08005f3c                EE_CORTEX_MX_RCC_ISR
                0x08005f3c                EE_CORTEX_MX_FSMC_ISR
                0x08005f3c                EE_CORTEX_MX_DMA2_STREAM2_ISR
                0x08005f3c                EE_CORTEX_MX_DMA2_STREAM7_ISR
                0x08005f3c                EE_CORTEX_MX_EXTI1_ISR
                0x08005f3c                EE_CORTEX_MX_DEBUG_MONITOR_ISR
                0x08005f3c                EE_CORTEX_MX_WWDG_ISR
                0x08005f3c                EE_CORTEX_MX_MPU_FAULT_ISR
                0x08005f3c                EE_CORTEX_MX_HASH_RNG_ISR
                0x08005f3c                EE_CORTEX_MX_DMA2_STREAM6_ISR
                0x08005f3c                EE_CORTEX_MX_TIM5_ISR
                0x08005f3c                EE_CORTEX_MX_DMA1_STREAM0_ISR
                0x08005f3c                EE_CORTEX_MX_TAMP_STAMP_ISR
                0x08005f3c                EE_CORTEX_MX_CAN2_RX1_ISR
                0x08005f3c                EE_CORTEX_MX_DMA1_Stream7_ISR
 .text._exit    0x08005f40        0x6 obj/pkg/mcu/st_stm32_stm32f4xx/src/startup_stm32f4xx_gnu.o
                0x08005f40                _exit
 *fill*         0x08005f46        0x2 
 .text          0x08005f48      0x244 obj/pkg/mcu/st_stm32_stm32f4xx/src/system_stm32f4xx.o
                0x08005f48                SystemInit
                0x08005fa0                SystemCoreClockUpdate
 .text          0x0800618c       0x34 libee.a(ee_hal_structs.o)
 .text          0x080061c0       0x6c libee.a(ee_utils.o)
                0x080061f4                EE_system_init
 .text          0x0800622c       0x8c libee.a(ee_gnu_change_context_isr.o)
                0x0800622c                EE_set_switch_context_pri
                0x08006242                EE_switch_context
                0x0800624a                EE_cortex_mx_pendsv_ISR
                0x0800627e                EE_cortex_mx_svc_ISR
 .text          0x080062b8      0x10c libee.a(ee_irqendin.o)
                0x0800630c                EE_IRQ_end_instance
                0x0800639c                EE_IRQ_end_post_stub
 .text          0x080063c4       0x54 libee.a(ee_tstub.o)
                0x080063f8                EE_oo_thread_stub
 .text          0x08006418       0x34 libee.a(ee_lookup.o)
 .text          0x0800644c       0x78 libee.a(ee_rq_exchg.o)
                0x08006480                EE_rq2stk_exchange
 .text          0x080064c4      0x140 libee.a(ee_alsetrel.o)
                0x080064f8                EE_oo_SetRelAlarm
 .text          0x08006604      0x434 libee.a(ee_altick.o)
                0x08006638                EE_oo_counter_object_insert
                0x080067f0                EE_oo_IncrementCounterImplementation
                0x08006950                EE_oo_IncrementCounterHardware
                0x08006984                EE_oo_IncrementCounter
 .text          0x08006a38       0x50 libee.a(ee_context.o)
                0x08006a6c                EE_cortex_mx_change_context
 .text          0x08006a88       0x80 libee.a(ee_gnu_oo.o)
                0x08006a88                EE_hal_terminate_savestk
                0x08006ad0                EE_hal_terminate_task
 .text          0x08006b08       0x4c libee.a(ee_tnterm.o)
                0x08006b3c                EE_thread_not_terminated
 .text          0x08006b54       0xb4 libee.a(ee_rq_inser.o)
                0x08006b88                EE_rq_insert
 .text          0x08006c08       0x58 libee.a(ee_context.o)
                0x08006c3c                EE_std_run_task_code
 .text          0x08006c60      0x188 libee.a(ee_thendin.o)
                0x08006cb4                EE_thread_end_instance
 .text          0x08006de8      0x70c libstm32f4xxspd.a(stm32f4xx_dma.o)
                0x08006de8                DMA_DeInit
                0x08006f8c                DMA_Init
                0x08007038                DMA_StructInit
                0x080070a4                DMA_Cmd
                0x080070dc                DMA_PeriphIncOffsetSizeConfig
                0x08007110                DMA_FlowControllerConfig
                0x08007144                DMA_SetCurrDataCounter
                0x08007160                DMA_GetCurrDataCounter
                0x0800717c                DMA_DoubleBufferModeConfig
                0x080071b8                DMA_DoubleBufferModeCmd
                0x080071f0                DMA_MemoryTargetConfig
                0x0800721c                DMA_GetCurrentMemoryTarget
                0x0800724c                DMA_GetCmdStatus
                0x0800727c                DMA_GetFIFOStatus
                0x080072a0                DMA_GetFlagStatus
                0x08007318                DMA_ClearFlag
                0x08007374                DMA_ITConfig
                0x080073e8                DMA_GetITStatus
                0x08007498                DMA_ClearITPendingBit
 .text          0x080074f4      0x94c libstm32f4xxspd.a(stm32f4xx_fsmc.o)
                0x080074f4                FSMC_NORSRAMDeInit
                0x0800754c                FSMC_NORSRAMInit
                0x08007680                FSMC_NORSRAMStructInit
                0x08007754                FSMC_NORSRAMCmd
                0x080077a8                FSMC_NANDDeInit
                0x08007804                FSMC_NANDInit
                0x080078d0                FSMC_NANDStructInit
                0x0800794c                FSMC_NANDCmd
                0x080079b8                FSMC_NANDECCCmd
                0x08007a24                FSMC_GetECC
                0x08007a5c                FSMC_PCCARDDeInit
                0x08007a90                FSMC_PCCARDInit
                0x08007b3c                FSMC_PCCARDStructInit
                0x08007bc0                FSMC_PCCARDCmd
                0x08007bfc                FSMC_ITConfig
                0x08007c9c                FSMC_GetFlagStatus
                0x08007d00                FSMC_ClearFlag
                0x08007d5c                FSMC_GetITStatus
                0x08007ddc                FSMC_ClearITPendingBit
 .text          0x08007e40      0x48c libstm32f4xxspd.a(stm32f4xx_gpio.o)
                0x08007e40                GPIO_DeInit
                0x08007f60                GPIO_Init
                0x0800807c                GPIO_StructInit
                0x080080b0                GPIO_PinLockConfig
                0x080080f4                GPIO_ReadInputDataBit
                0x08008128                GPIO_ReadInputData
                0x08008144                GPIO_ReadOutputDataBit
                0x08008178                GPIO_ReadOutputData
                0x08008194                GPIO_SetBits
                0x080081b0                GPIO_ResetBits
                0x080081cc                GPIO_WriteBit
                0x080081fc                GPIO_Write
                0x08008218                GPIO_ToggleBits
                0x0800823c                GPIO_PinAFConfig
 .text          0x080082cc      0x988 libstm32f4xxspd.a(stm32f4xx_i2c.o)
                0x080082cc                I2C_DeInit
                0x08008340                I2C_Init
                0x080084c4                I2C_StructInit
                0x08008500                I2C_Cmd
                0x08008540                I2C_GenerateSTART
                0x08008580                I2C_GenerateSTOP
                0x080085c0                I2C_Send7bitAddress
                0x080085fc                I2C_AcknowledgeConfig
                0x0800863c                I2C_OwnAddress2Config
                0x0800867c                I2C_DualAddressCmd
                0x080086bc                I2C_GeneralCallCmd
                0x080086fc                I2C_SoftwareResetCmd
                0x08008740                I2C_StretchClockCmd
                0x08008780                I2C_FastModeDutyCycleConfig
                0x080087c0                I2C_NACKPositionConfig
                0x08008800                I2C_SMBusAlertConfig
                0x08008840                I2C_ARPCmd
                0x08008880                I2C_SendData
                0x080088a0                I2C_ReceiveData
                0x080088bc                I2C_TransmitPEC
                0x080088fc                I2C_PECPositionConfig
                0x0800893c                I2C_CalculatePEC
                0x0800897c                I2C_GetPEC
                0x0800899c                I2C_DMACmd
                0x080089dc                I2C_DMALastTransferCmd
                0x08008a1c                I2C_ReadRegister
                0x08008a4c                I2C_ITConfig
                0x08008a94                I2C_CheckEvent
                0x08008af4                I2C_GetLastEvent
                0x08008b38                I2C_GetFlagStatus
                0x08008ba0                I2C_ClearFlag
                0x08008bcc                I2C_GetITStatus
                0x08008c28                I2C_ClearITPendingBit
 .text          0x08008c54      0xa80 libstm32f4xxspd.a(stm32f4xx_rcc.o)
                0x08008c54                RCC_DeInit
                0x08008ca4                RCC_HSEConfig
                0x08008cc8                RCC_WaitForHSEStartUp
                0x08008d18                RCC_AdjustHSICalibrationValue
                0x08008d54                RCC_HSICmd
                0x08008d74                RCC_LSEConfig
                0x08008db4                RCC_LSICmd
                0x08008dd4                RCC_PLLConfig
                0x08008e10                RCC_PLLCmd
                0x08008e30                RCC_PLLI2SConfig
                0x08008e58                RCC_PLLI2SCmd
                0x08008e78                RCC_ClockSecuritySystemCmd
                0x08008e98                RCC_MCO1Config
                0x08008ed4                RCC_MCO2Config
                0x08008f10                RCC_SYSCLKConfig
                0x08008f48                RCC_GetSYSCLKSource
                0x08008f68                RCC_HCLKConfig
                0x08008fa0                RCC_PCLK1Config
                0x08008fd8                RCC_PCLK2Config
                0x08009010                RCC_GetClocksFreq
                0x08009164                RCC_RTCCLKConfig
                0x080091c0                RCC_RTCCLKCmd
                0x080091e0                RCC_BackupResetCmd
                0x08009200                RCC_I2SCLKConfig
                0x0800921c                RCC_AHB1PeriphClockCmd
                0x08009258                RCC_AHB2PeriphClockCmd
                0x08009294                RCC_AHB3PeriphClockCmd
                0x080092d0                RCC_APB1PeriphClockCmd
                0x0800930c                RCC_APB2PeriphClockCmd
                0x08009348                RCC_AHB1PeriphResetCmd
                0x08009384                RCC_AHB2PeriphResetCmd
                0x080093c0                RCC_AHB3PeriphResetCmd
                0x080093fc                RCC_APB1PeriphResetCmd
                0x08009438                RCC_APB2PeriphResetCmd
                0x08009474                RCC_AHB1PeriphClockLPModeCmd
                0x080094b0                RCC_AHB2PeriphClockLPModeCmd
                0x080094ec                RCC_AHB3PeriphClockLPModeCmd
                0x08009528                RCC_APB1PeriphClockLPModeCmd
                0x08009564                RCC_APB2PeriphClockLPModeCmd
                0x080095a0                RCC_ITConfig
                0x080095ec                RCC_GetFlagStatus
                0x08009660                RCC_ClearFlag
                0x0800967c                RCC_GetITStatus
                0x080096b4                RCC_ClearITPendingBit
 .text          0x080096d4      0x370 c:/gnu/arm/bin/../lib/gcc/arm-none-eabi/4.9.3/armv7e-m\libgcc.a(_arm_addsubdf3.o)
                0x080096d4                __aeabi_drsub
                0x080096dc                __aeabi_dsub
                0x080096dc                __subdf3
                0x080096e0                __aeabi_dadd
                0x080096e0                __adddf3
                0x08009958                __floatunsidf
                0x08009958                __aeabi_ui2d
                0x08009978                __floatsidf
                0x08009978                __aeabi_i2d
                0x0800999c                __aeabi_f2d
                0x0800999c                __extendsfdf2
                0x080099d8                __floatundidf
                0x080099d8                __aeabi_ul2d
                0x080099e8                __floatdidf
                0x080099e8                __aeabi_l2d
 .text          0x08009a44      0x424 c:/gnu/arm/bin/../lib/gcc/arm-none-eabi/4.9.3/armv7e-m\libgcc.a(_arm_muldivdf3.o)
                0x08009a44                __aeabi_dmul
                0x08009a44                __muldf3
                0x08009c98                __divdf3
                0x08009c98                __aeabi_ddiv
 .text          0x08009e68      0x110 c:/gnu/arm/bin/../lib/gcc/arm-none-eabi/4.9.3/armv7e-m\libgcc.a(_arm_cmpdf2.o)
                0x08009e68                __gtdf2
                0x08009e68                __gedf2
                0x08009e70                __ltdf2
                0x08009e70                __ledf2
                0x08009e78                __nedf2
                0x08009e78                __eqdf2
                0x08009e78                __cmpdf2
                0x08009ef4                __aeabi_cdrcmple
                0x08009f04                __aeabi_cdcmpeq
                0x08009f04                __aeabi_cdcmple
                0x08009f14                __aeabi_dcmpeq
                0x08009f28                __aeabi_dcmplt
                0x08009f3c                __aeabi_dcmple
                0x08009f50                __aeabi_dcmpge
                0x08009f64                __aeabi_dcmpgt
 .text          0x08009f78       0x50 c:/gnu/arm/bin/../lib/gcc/arm-none-eabi/4.9.3/armv7e-m\libgcc.a(_arm_fixdfsi.o)
                0x08009f78                __aeabi_d2iz
                0x08009f78                __fixdfsi
 .text          0x08009fc8       0x40 c:/gnu/arm/bin/../lib/gcc/arm-none-eabi/4.9.3/armv7e-m\libgcc.a(_arm_fixunsdfsi.o)
                0x08009fc8                __aeabi_d2uiz
                0x08009fc8                __fixunsdfsi
 .text          0x0800a008       0xa0 c:/gnu/arm/bin/../lib/gcc/arm-none-eabi/4.9.3/armv7e-m\libgcc.a(_arm_truncdfsf2.o)
                0x0800a008                __truncdfsf2
                0x0800a008                __aeabi_d2f
 .text          0x0800a0a8      0x21c c:/gnu/arm/bin/../lib/gcc/arm-none-eabi/4.9.3/armv7e-m\libgcc.a(_arm_addsubsf3.o)
                0x0800a0a8                __aeabi_frsub
                0x0800a0b0                __subsf3
                0x0800a0b0                __aeabi_fsub
                0x0800a0b4                __aeabi_fadd
                0x0800a0b4                __addsf3
                0x0800a214                __aeabi_ui2f
                0x0800a214                __floatunsisf
                0x0800a21c                __aeabi_i2f
                0x0800a21c                __floatsisf
                0x0800a238                __aeabi_ul2f
                0x0800a238                __floatundisf
                0x0800a248                __aeabi_l2f
                0x0800a248                __floatdisf
 .text          0x0800a2c4      0x2a0 c:/gnu/arm/bin/../lib/gcc/arm-none-eabi/4.9.3/armv7e-m\libgcc.a(_arm_muldivsf3.o)
                0x0800a2c4                __mulsf3
                0x0800a2c4                __aeabi_fmul
                0x0800a42c                __aeabi_fdiv
                0x0800a42c                __divsf3
 .text          0x0800a564       0x4c c:/gnu/arm/bin/../lib/gcc/arm-none-eabi/4.9.3/armv7e-m\libgcc.a(_arm_fixsfsi.o)
                0x0800a564                __aeabi_f2iz
                0x0800a564                __fixsfsi
 .text          0x0800a5b0       0x40 c:/gnu/arm/bin/../lib/gcc/arm-none-eabi/4.9.3/armv7e-m\libgcc.a(_arm_fixunssfsi.o)
                0x0800a5b0                __fixunssfsi
                0x0800a5b0                __aeabi_f2uiz
 .text          0x0800a5f0        0x0 C:\gnu\ARM\arm-none-eabi\lib\thumb\libc.a(lib_a-exit.o)
 .text.exit     0x0800a5f0       0x28 C:\gnu\ARM\arm-none-eabi\lib\thumb\libc.a(lib_a-exit.o)
                0x0800a5f0                exit
 .text          0x0800a618        0x0 C:\gnu\ARM\arm-none-eabi\lib\thumb\libc.a(lib_a-impure.o)
 .text          0x0800a618        0x0 C:\gnu\ARM\arm-none-eabi\lib\thumb\libc.a(lib_a-init.o)
 .text.__libc_init_array
                0x0800a618       0x58 C:\gnu\ARM\arm-none-eabi\lib\thumb\libc.a(lib_a-init.o)
                0x0800a618                __libc_init_array
 .text          0x0800a670        0x0 C:\gnu\ARM\arm-none-eabi\lib\thumb\libc.a(lib_a-memset.o)
 .text.memset   0x0800a670       0x94 C:\gnu\ARM\arm-none-eabi\lib\thumb\libc.a(lib_a-memset.o)
                0x0800a670                memset
 .text          0x0800a704        0x0 C:\gnu\ARM\arm-none-eabi\lib\thumb\libc.a(lib_a-sprintf.o)
 .text._sprintf_r
                0x0800a704       0x40 C:\gnu\ARM\arm-none-eabi\lib\thumb\libc.a(lib_a-sprintf.o)
                0x0800a704                _sprintf_r
 .text.sprintf  0x0800a744       0x44 C:\gnu\ARM\arm-none-eabi\lib\thumb\libc.a(lib_a-sprintf.o)
                0x0800a744                sprintf
 .text          0x0800a788        0x0 C:\gnu\ARM\arm-none-eabi\lib\thumb\libc.a(lib_a-svfprintf.o)
 .text._svfprintf_r
                0x0800a788     0x147c C:\gnu\ARM\arm-none-eabi\lib\thumb\libc.a(lib_a-svfprintf.o)
                0x0800a788                _svfprintf_r
 .text          0x0800bc04        0x0 C:\gnu\ARM\arm-none-eabi\lib\thumb\libc.a(lib_a-__call_atexit.o)
 .text.startup.register_fini
                0x0800bc04       0x1c C:\gnu\ARM\arm-none-eabi\lib\thumb\libc.a(lib_a-__call_atexit.o)
 .text.__call_exitprocs
                0x0800bc20      0x118 C:\gnu\ARM\arm-none-eabi\lib\thumb\libc.a(lib_a-__call_atexit.o)
                0x0800bc20                __call_exitprocs
 .text          0x0800bd38        0x0 C:\gnu\ARM\arm-none-eabi\lib\thumb\libc.a(lib_a-atexit.o)
 .text.atexit   0x0800bd38       0x14 C:\gnu\ARM\arm-none-eabi\lib\thumb\libc.a(lib_a-atexit.o)
                0x0800bd38                atexit
 .text          0x0800bd4c        0x0 C:\gnu\ARM\arm-none-eabi\lib\thumb\libc.a(lib_a-dtoa.o)
 .text.quorem   0x0800bd4c      0x160 C:\gnu\ARM\arm-none-eabi\lib\thumb\libc.a(lib_a-dtoa.o)
 .text._dtoa_r  0x0800beac     0x102c C:\gnu\ARM\arm-none-eabi\lib\thumb\libc.a(lib_a-dtoa.o)
                0x0800beac                _dtoa_r
 .text          0x0800ced8        0x0 C:\gnu\ARM\arm-none-eabi\lib\thumb\libc.a(lib_a-fini.o)
 .text.__libc_fini_array
                0x0800ced8       0x3c C:\gnu\ARM\arm-none-eabi\lib\thumb\libc.a(lib_a-fini.o)
                0x0800ced8                __libc_fini_array
 .text          0x0800cf14        0x0 C:\gnu\ARM\arm-none-eabi\lib\thumb\libc.a(lib_a-locale.o)
 .text._setlocale_r
                0x0800cf14       0x48 C:\gnu\ARM\arm-none-eabi\lib\thumb\libc.a(lib_a-locale.o)
                0x0800cf14                _setlocale_r
 .text.__locale_charset
                0x0800cf5c        0x8 C:\gnu\ARM\arm-none-eabi\lib\thumb\libc.a(lib_a-locale.o)
                0x0800cf5c                __locale_charset
 .text.__locale_mb_cur_max
                0x0800cf64        0xc C:\gnu\ARM\arm-none-eabi\lib\thumb\libc.a(lib_a-locale.o)
                0x0800cf64                __locale_mb_cur_max
 .text.__locale_msgcharset
                0x0800cf70        0x8 C:\gnu\ARM\arm-none-eabi\lib\thumb\libc.a(lib_a-locale.o)
                0x0800cf70                __locale_msgcharset
 .text.__locale_cjk_lang
                0x0800cf78        0x4 C:\gnu\ARM\arm-none-eabi\lib\thumb\libc.a(lib_a-locale.o)
                0x0800cf78                __locale_cjk_lang
 .text._localeconv_r
                0x0800cf7c        0x8 C:\gnu\ARM\arm-none-eabi\lib\thumb\libc.a(lib_a-locale.o)
                0x0800cf7c                _localeconv_r
 .text.setlocale
                0x0800cf84       0x1c C:\gnu\ARM\arm-none-eabi\lib\thumb\libc.a(lib_a-locale.o)
                0x0800cf84                setlocale
 .text.localeconv
                0x0800cfa0        0x8 C:\gnu\ARM\arm-none-eabi\lib\thumb\libc.a(lib_a-locale.o)
                0x0800cfa0                localeconv
 .text          0x0800cfa8        0x0 C:\gnu\ARM\arm-none-eabi\lib\thumb\libc.a(lib_a-mallocr.o)
 .text._malloc_r
                0x0800cfa8      0x54c C:\gnu\ARM\arm-none-eabi\lib\thumb\libc.a(lib_a-mallocr.o)
                0x0800cfa8                _malloc_r
 .text          0x0800d4f4        0x0 C:\gnu\ARM\arm-none-eabi\lib\thumb\libc.a(lib_a-memchr.o)
 .text.memchr   0x0800d4f4       0x8c C:\gnu\ARM\arm-none-eabi\lib\thumb\libc.a(lib_a-memchr.o)
                0x0800d4f4                memchr
 .text          0x0800d580        0x0 C:\gnu\ARM\arm-none-eabi\lib\thumb\libc.a(lib_a-memcpy.o)
 .text.memcpy   0x0800d580       0x80 C:\gnu\ARM\arm-none-eabi\lib\thumb\libc.a(lib_a-memcpy.o)
                0x0800d580                memcpy
 .text          0x0800d600        0x0 C:\gnu\ARM\arm-none-eabi\lib\thumb\libc.a(lib_a-mlock.o)
 .text.__malloc_lock
                0x0800d600        0x4 C:\gnu\ARM\arm-none-eabi\lib\thumb\libc.a(lib_a-mlock.o)
                0x0800d600                __malloc_lock
 .text.__malloc_unlock
                0x0800d604        0x4 C:\gnu\ARM\arm-none-eabi\lib\thumb\libc.a(lib_a-mlock.o)
                0x0800d604                __malloc_unlock
 .text          0x0800d608        0x0 C:\gnu\ARM\arm-none-eabi\lib\thumb\libc.a(lib_a-mprec.o)
 .text._Balloc  0x0800d608       0x54 C:\gnu\ARM\arm-none-eabi\lib\thumb\libc.a(lib_a-mprec.o)
                0x0800d608                _Balloc
 .text._Bfree   0x0800d65c       0x14 C:\gnu\ARM\arm-none-eabi\lib\thumb\libc.a(lib_a-mprec.o)
                0x0800d65c                _Bfree
 .text.__multadd
                0x0800d670       0x98 C:\gnu\ARM\arm-none-eabi\lib\thumb\libc.a(lib_a-mprec.o)
                0x0800d670                __multadd
 .text.__s2b    0x0800d708       0x98 C:\gnu\ARM\arm-none-eabi\lib\thumb\libc.a(lib_a-mprec.o)
                0x0800d708                __s2b
 .text.__hi0bits
                0x0800d7a0       0x3c C:\gnu\ARM\arm-none-eabi\lib\thumb\libc.a(lib_a-mprec.o)
                0x0800d7a0                __hi0bits
 .text.__lo0bits
                0x0800d7dc       0x5c C:\gnu\ARM\arm-none-eabi\lib\thumb\libc.a(lib_a-mprec.o)
                0x0800d7dc                __lo0bits
 .text.__i2b    0x0800d838       0x18 C:\gnu\ARM\arm-none-eabi\lib\thumb\libc.a(lib_a-mprec.o)
                0x0800d838                __i2b
 .text.__multiply
                0x0800d850      0x170 C:\gnu\ARM\arm-none-eabi\lib\thumb\libc.a(lib_a-mprec.o)
                0x0800d850                __multiply
 .text.__pow5mult
                0x0800d9c0       0xc0 C:\gnu\ARM\arm-none-eabi\lib\thumb\libc.a(lib_a-mprec.o)
                0x0800d9c0                __pow5mult
 .text.__lshift
                0x0800da80       0xd0 C:\gnu\ARM\arm-none-eabi\lib\thumb\libc.a(lib_a-mprec.o)
                0x0800da80                __lshift
 .text.__mcmp   0x0800db50       0x3c C:\gnu\ARM\arm-none-eabi\lib\thumb\libc.a(lib_a-mprec.o)
                0x0800db50                __mcmp
 .text.__mdiff  0x0800db8c       0xf0 C:\gnu\ARM\arm-none-eabi\lib\thumb\libc.a(lib_a-mprec.o)
                0x0800db8c                __mdiff
 .text.__ulp    0x0800dc7c       0x4c C:\gnu\ARM\arm-none-eabi\lib\thumb\libc.a(lib_a-mprec.o)
                0x0800dc7c                __ulp
 .text.__b2d    0x0800dcc8       0xe0 C:\gnu\ARM\arm-none-eabi\lib\thumb\libc.a(lib_a-mprec.o)
                0x0800dcc8                __b2d
 .text.__d2b    0x0800dda8       0xc0 C:\gnu\ARM\arm-none-eabi\lib\thumb\libc.a(lib_a-mprec.o)
                0x0800dda8                __d2b
 .text.__ratio  0x0800de68       0x74 C:\gnu\ARM\arm-none-eabi\lib\thumb\libc.a(lib_a-mprec.o)
                0x0800de68                __ratio
 .text._mprec_log10
                0x0800dedc       0x38 C:\gnu\ARM\arm-none-eabi\lib\thumb\libc.a(lib_a-mprec.o)
                0x0800dedc                _mprec_log10
 .text.__copybits
                0x0800df14       0x44 C:\gnu\ARM\arm-none-eabi\lib\thumb\libc.a(lib_a-mprec.o)
                0x0800df14                __copybits
 .text.__any_on
                0x0800df58       0x64 C:\gnu\ARM\arm-none-eabi\lib\thumb\libc.a(lib_a-mprec.o)
                0x0800df58                __any_on
 .text          0x0800dfbc        0x0 C:\gnu\ARM\arm-none-eabi\lib\thumb\libc.a(lib_a-s_fpclassify.o)
 .text.__fpclassifyd
                0x0800dfbc       0x5c C:\gnu\ARM\arm-none-eabi\lib\thumb\libc.a(lib_a-s_fpclassify.o)
                0x0800dfbc                __fpclassifyd
 .text          0x0800e018        0x0 C:\gnu\ARM\arm-none-eabi\lib\thumb\libc.a(lib_a-sbrkr.o)
 .text._sbrk_r  0x0800e018       0x28 C:\gnu\ARM\arm-none-eabi\lib\thumb\libc.a(lib_a-sbrkr.o)
                0x0800e018                _sbrk_r
 .text          0x0800e040      0x224 C:\gnu\ARM\arm-none-eabi\lib\thumb\libc.a(lib_a-strcmp.o)
                0x0800e040                strcmp
 .text          0x0800e264        0x0 C:\gnu\ARM\arm-none-eabi\lib\thumb\libc.a(lib_a-strlen.o)
 .text.strlen   0x0800e264       0x6c C:\gnu\ARM\arm-none-eabi\lib\thumb\libc.a(lib_a-strlen.o)
                0x0800e264                strlen
 .text          0x0800e2d0        0x0 C:\gnu\ARM\arm-none-eabi\lib\thumb\libc.a(lib_a-svfiprintf.o)
 .text.__ssprint_r
                0x0800e2d0      0x134 C:\gnu\ARM\arm-none-eabi\lib\thumb\libc.a(lib_a-svfiprintf.o)
                0x0800e2d0                __ssprint_r
 .text._svfiprintf_r
                0x0800e404      0x9d8 C:\gnu\ARM\arm-none-eabi\lib\thumb\libc.a(lib_a-svfiprintf.o)
                0x0800e404                _svfiprintf_r
 .text          0x0800eddc        0x0 C:\gnu\ARM\arm-none-eabi\lib\thumb\libc.a(lib_a-__atexit.o)
 .text.__register_exitproc
                0x0800eddc       0xd8 C:\gnu\ARM\arm-none-eabi\lib\thumb\libc.a(lib_a-__atexit.o)
                0x0800eddc                __register_exitproc
 .text          0x0800eeb4        0x0 C:\gnu\ARM\arm-none-eabi\lib\thumb\libc.a(lib_a-callocr.o)
 .text._calloc_r
                0x0800eeb4       0x64 C:\gnu\ARM\arm-none-eabi\lib\thumb\libc.a(lib_a-callocr.o)
                0x0800eeb4                _calloc_r
 .text          0x0800ef18        0x0 C:\gnu\ARM\arm-none-eabi\lib\thumb\libc.a(lib_a-freer.o)
 .text._malloc_trim_r
                0x0800ef18       0xa4 C:\gnu\ARM\arm-none-eabi\lib\thumb\libc.a(lib_a-freer.o)
                0x0800ef18                _malloc_trim_r
 .text._free_r  0x0800efbc      0x1b4 C:\gnu\ARM\arm-none-eabi\lib\thumb\libc.a(lib_a-freer.o)
                0x0800efbc                _free_r
 .text          0x0800f170        0x0 C:\gnu\ARM\arm-none-eabi\lib\thumb\libc.a(lib_a-memmove.o)
 .text.memmove  0x0800f170       0x9c C:\gnu\ARM\arm-none-eabi\lib\thumb\libc.a(lib_a-memmove.o)
                0x0800f170                memmove
 .text          0x0800f20c        0x0 C:\gnu\ARM\arm-none-eabi\lib\thumb\libc.a(lib_a-reallocr.o)
 .text._realloc_r
                0x0800f20c      0x3dc C:\gnu\ARM\arm-none-eabi\lib\thumb\libc.a(lib_a-reallocr.o)
                0x0800f20c                _realloc_r
 .text          0x0800f5e8        0x0 C:\gnu\ARM\arm-none-eabi\lib\thumb\libc.a(lib_a-reent.o)
 .text.cleanup_glue
                0x0800f5e8       0x20 C:\gnu\ARM\arm-none-eabi\lib\thumb\libc.a(lib_a-reent.o)
                0x0800f5e8                cleanup_glue
 .text._reclaim_reent
                0x0800f608       0xa0 C:\gnu\ARM\arm-none-eabi\lib\thumb\libc.a(lib_a-reent.o)
                0x0800f608                _reclaim_reent
 .text          0x0800f6a8        0x0 C:\gnu\ARM\arm-none-eabi\lib\thumb\libm.a(lib_a-s_cos.o)
 .text.cos      0x0800f6a8       0xa0 C:\gnu\ARM\arm-none-eabi\lib\thumb\libm.a(lib_a-s_cos.o)
                0x0800f6a8                cos
 .text          0x0800f748        0x0 C:\gnu\ARM\arm-none-eabi\lib\thumb\libm.a(lib_a-s_sin.o)
 .text.sin      0x0800f748       0xa4 C:\gnu\ARM\arm-none-eabi\lib\thumb\libm.a(lib_a-s_sin.o)
                0x0800f748                sin
 .text          0x0800f7ec        0x0 C:\gnu\ARM\arm-none-eabi\lib\thumb\libm.a(lib_a-e_rem_pio2.o)
 .text.__ieee754_rem_pio2
                0x0800f7ec      0x434 C:\gnu\ARM\arm-none-eabi\lib\thumb\libm.a(lib_a-e_rem_pio2.o)
                0x0800f7ec                __ieee754_rem_pio2
 .text          0x0800fc20        0x0 C:\gnu\ARM\arm-none-eabi\lib\thumb\libm.a(lib_a-k_cos.o)
 .text.__kernel_cos
                0x0800fc20      0x238 C:\gnu\ARM\arm-none-eabi\lib\thumb\libm.a(lib_a-k_cos.o)
                0x0800fc20                __kernel_cos
 .text          0x0800fe58        0x0 C:\gnu\ARM\arm-none-eabi\lib\thumb\libm.a(lib_a-k_rem_pio2.o)
 .text.__kernel_rem_pio2
                0x0800fe58      0x894 C:\gnu\ARM\arm-none-eabi\lib\thumb\libm.a(lib_a-k_rem_pio2.o)
                0x0800fe58                __kernel_rem_pio2
 .text          0x080106ec        0x0 C:\gnu\ARM\arm-none-eabi\lib\thumb\libm.a(lib_a-k_sin.o)
 .text.__kernel_sin
                0x080106ec      0x164 C:\gnu\ARM\arm-none-eabi\lib\thumb\libm.a(lib_a-k_sin.o)
                0x080106ec                __kernel_sin
 .text          0x08010850        0x0 C:\gnu\ARM\arm-none-eabi\lib\thumb\libm.a(lib_a-s_fabs.o)
 .text.fabs     0x08010850        0x8 C:\gnu\ARM\arm-none-eabi\lib\thumb\libm.a(lib_a-s_fabs.o)
                0x08010850                fabs
 .text          0x08010858        0x0 C:\gnu\ARM\arm-none-eabi\lib\thumb\libm.a(lib_a-s_floor.o)
 .text.floor    0x08010858      0x150 C:\gnu\ARM\arm-none-eabi\lib\thumb\libm.a(lib_a-s_floor.o)
                0x08010858                floor
 .text          0x080109a8        0x0 C:\gnu\ARM\arm-none-eabi\lib\thumb\libm.a(lib_a-s_scalbn.o)
 .text.scalbn   0x080109a8       0xfc C:\gnu\ARM\arm-none-eabi\lib\thumb\libm.a(lib_a-s_scalbn.o)
                0x080109a8                scalbn
 .text          0x08010aa4        0x0 C:\gnu\ARM\arm-none-eabi\lib\thumb\libm.a(lib_a-s_copysign.o)
 .text.copysign
                0x08010aa4       0x14 C:\gnu\ARM\arm-none-eabi\lib\thumb\libm.a(lib_a-s_copysign.o)
                0x08010aa4                copysign
 .text          0x08010ab8        0x0 C:\gnu\ARM\arm-none-eabi\lib\thumb\libnosys.a(sbrk.o)
 .text._sbrk    0x08010ab8       0x1c C:\gnu\ARM\arm-none-eabi\lib\thumb\libnosys.a(sbrk.o)
                0x08010ab8                _sbrk
 .text          0x08010ad4       0x24 c:/gnu/arm/bin/../lib/gcc/arm-none-eabi/4.9.3/armv7e-m\libgcc.a(_udivsi3.o)
                0x08010ad4                __aeabi_uidiv
                0x08010ad4                __udivsi3
                0x08010ae8                __aeabi_uidivmod
 .text          0x08010af8       0x2c c:/gnu/arm/bin/../lib/gcc/arm-none-eabi/4.9.3/armv7e-m\libgcc.a(_divsi3.o)
                0x08010af8                __divsi3
                0x08010af8                __aeabi_idiv
                0x08010b14                __aeabi_idivmod
 .text          0x08010b24        0x4 c:/gnu/arm/bin/../lib/gcc/arm-none-eabi/4.9.3/armv7e-m\libgcc.a(_dvmd_tls.o)
                0x08010b24                __aeabi_idiv0
                0x08010b24                __aeabi_ldiv0
 .text          0x08010b28       0x30 c:/gnu/arm/bin/../lib/gcc/arm-none-eabi/4.9.3/armv7e-m\libgcc.a(_aeabi_uldivmod.o)
                0x08010b28                __aeabi_uldivmod
 .text          0x08010b58       0x60 c:/gnu/arm/bin/../lib/gcc/arm-none-eabi/4.9.3/armv7e-m\libgcc.a(bpabi.o)
                0x08010b58                __gnu_ldivmod_helper
                0x08010b88                __gnu_uldivmod_helper
 .text          0x08010bb8      0x29c c:/gnu/arm/bin/../lib/gcc/arm-none-eabi/4.9.3/armv7e-m\libgcc.a(_divdi3.o)
                0x08010bb8                __divdi3
 .text          0x08010e54      0x26c c:/gnu/arm/bin/../lib/gcc/arm-none-eabi/4.9.3/armv7e-m\libgcc.a(_udivdi3.o)
                0x08010e54                __udivdi3
 .text          0x080110c0        0x0 c:/gnu/arm/bin/../lib/gcc/arm-none-eabi/4.9.3/armv7e-m/crtend.o
 .text          0x080110c0        0x0 c:/gnu/arm/bin/../lib/gcc/arm-none-eabi/4.9.3/armv7e-m/crtn.o
 *(.init)
 .init          0x080110c0        0x4 c:/gnu/arm/bin/../lib/gcc/arm-none-eabi/4.9.3/armv7e-m/crti.o
                0x080110c0                _init
 .init          0x080110c4        0x8 c:/gnu/arm/bin/../lib/gcc/arm-none-eabi/4.9.3/armv7e-m/crtn.o
 *(.fini)
 .fini          0x080110cc        0x4 c:/gnu/arm/bin/../lib/gcc/arm-none-eabi/4.9.3/armv7e-m/crti.o
                0x080110cc                _fini
 .fini          0x080110d0        0x8 c:/gnu/arm/bin/../lib/gcc/arm-none-eabi/4.9.3/armv7e-m/crtn.o
 *crtbegin.o(.ctors)
 *crtbegin.o(.ctors)
 *crtbegin?.o(.ctors)
 *(EXCLUDE_FILE(*crtend.o *crtend?.o) .ctors)
 *(SORT(.ctors.*))
 *(.ctors)
 *crtbegin.o(.dtors)
 *crtbegin?.o(.dtors)
 *(EXCLUDE_FILE(*crtend.o *crtend?.o) .dtors)
 *(SORT(.dtors.*))
 *(.dtors)
 *(.rodata*)
 .rodata        0x080110d8     0x29d0 obj/Widget.o
                0x080110d8                ASCII16x24_Table
                0x080122a8                ASCII12x12_Table
                0x08012ba8                ASCII8x12_Table
                0x080134a8                ASCII8x8_Table
 .rodata        0x08013aa8      0x120 obj/WidgetConfig.o
                0x08013aa8                MyWatchScr
 .rodata        0x08013bc8       0x10 obj/code.o
 .rodata        0x08013bd8       0x15 obj/debug.o
 *fill*         0x08013bed        0x3 
 .rodata        0x08013bf0       0x70 obj/eecfg.o
                0x08013bf4                EE_hal_thread_body
                0x08013bfc                EE_terminate_real_th_body
                0x08013c04                EE_th_ready_prio
                0x08013c0c                EE_th_dispatch_prio
                0x08013c14                EE_counter_ROM
                0x08013c20                EE_alarm_ROM
                0x08013c28                EE_oo_counter_object_ROM
                0x08013c40                EE_oo_action_ROM
 .rodata        0x08013c60    0x6b946 obj/pictures.o
                0x08013c60                Points
                0x08014260                Zero
                0x08014860                One
                0x08014e60                Two
                0x08015460                Three
                0x08015a60                Four
                0x08016060                Five
                0x08016660                Six
                0x08016c60                Seven
                0x08017260                Eight
                0x08017860                Nine
                0x08017e60                ImageBuffer2
                0x0803d698                ImageBuffer
                0x08062ed0                icontime_on
                0x08064d10                icontime_off
                0x08066b50                icontimeset_on
                0x08068b70                icontimeset_off
                0x0806aba0                iconalarm_on
                0x0806cbd0                iconalarm_off
                0x0806ec00                iconswatch_on
                0x08070598                iconswatch_off
                0x08071f30                text_bdrop
                0x08076e38                CrhonoStopOn
                0x08078674                CrhonoStopOff
                0x08079eb0                ChronoPlayOn
                0x0807b34c                ChronoPlayOff
                0x0807c7e8                ChronoPauseOn
                0x0807dec8                ChronoPauseOff
 *fill*         0x0807f5a6        0x2 
 .rodata        0x0807f5a8        0x4 libee.a(ee_hal_structs.o)
 .rodata        0x0807f5ac        0x4 libee.a(ee_utils.o)
 .rodata        0x0807f5b0        0x4 libee.a(ee_irqendin.o)
 .rodata        0x0807f5b4        0x4 libee.a(ee_tstub.o)
 .rodata        0x0807f5b8        0x4 libee.a(ee_lookup.o)
 .rodata        0x0807f5bc        0x4 libee.a(ee_rq_exchg.o)
 .rodata        0x0807f5c0        0x4 libee.a(ee_alsetrel.o)
 .rodata        0x0807f5c4        0x4 libee.a(ee_altick.o)
 .rodata        0x0807f5c8        0x4 libee.a(ee_context.o)
 .rodata        0x0807f5cc        0x4 libee.a(ee_tnterm.o)
 .rodata        0x0807f5d0        0x4 libee.a(ee_rq_inser.o)
 .rodata        0x0807f5d4        0x4 libee.a(ee_context.o)
 .rodata        0x0807f5d8        0x4 libee.a(ee_thendin.o)
 .rodata.str1.4
                0x0807f5dc        0x2 C:\gnu\ARM\arm-none-eabi\lib\thumb\libc.a(lib_a-impure.o)
 *fill*         0x0807f5de        0x2 
 .rodata._global_impure_ptr
                0x0807f5e0        0x4 C:\gnu\ARM\arm-none-eabi\lib\thumb\libc.a(lib_a-impure.o)
                0x0807f5e0                _global_impure_ptr
 .rodata._svfprintf_r
                0x0807f5e4      0x164 C:\gnu\ARM\arm-none-eabi\lib\thumb\libc.a(lib_a-svfprintf.o)
 .rodata.zeroes.6911
                0x0807f748       0x10 C:\gnu\ARM\arm-none-eabi\lib\thumb\libc.a(lib_a-svfprintf.o)
 .rodata.blanks.6910
                0x0807f758       0x10 C:\gnu\ARM\arm-none-eabi\lib\thumb\libc.a(lib_a-svfprintf.o)
 .rodata.str1.4
                0x0807f768       0x42 C:\gnu\ARM\arm-none-eabi\lib\thumb\libc.a(lib_a-svfprintf.o)
 *fill*         0x0807f7aa        0x2 
 .rodata.str1.4
                0x0807f7ac       0x10 C:\gnu\ARM\arm-none-eabi\lib\thumb\libc.a(lib_a-dtoa.o)
                                 0x12 (size before relaxing)
 .rodata.str1.4
                0x0807f7bc        0xc C:\gnu\ARM\arm-none-eabi\lib\thumb\libc.a(lib_a-locale.o)
                                 0x12 (size before relaxing)
 .rodata.__mprec_tens
                0x0807f7c8       0xc8 C:\gnu\ARM\arm-none-eabi\lib\thumb\libc.a(lib_a-mprec.o)
                0x0807f7c8                __mprec_tens
 .rodata.p05.5302
                0x0807f890        0xc C:\gnu\ARM\arm-none-eabi\lib\thumb\libc.a(lib_a-mprec.o)
 *fill*         0x0807f89c        0x4 
 .rodata.__mprec_bigtens
                0x0807f8a0       0x28 C:\gnu\ARM\arm-none-eabi\lib\thumb\libc.a(lib_a-mprec.o)
                0x0807f8a0                __mprec_bigtens
 .rodata.__mprec_tinytens
                0x0807f8c8       0x28 C:\gnu\ARM\arm-none-eabi\lib\thumb\libc.a(lib_a-mprec.o)
                0x0807f8c8                __mprec_tinytens
 .rodata._svfiprintf_r
                0x0807f8f0      0x164 C:\gnu\ARM\arm-none-eabi\lib\thumb\libc.a(lib_a-svfiprintf.o)
 .rodata.blanks.6854
                0x0807fa54       0x10 C:\gnu\ARM\arm-none-eabi\lib\thumb\libc.a(lib_a-svfiprintf.o)
 .rodata.str1.4
                0x00000000       0x2f C:\gnu\ARM\arm-none-eabi\lib\thumb\libc.a(lib_a-svfiprintf.o)
 .rodata.zeroes.6855
                0x0807fa64       0x10 C:\gnu\ARM\arm-none-eabi\lib\thumb\libc.a(lib_a-svfiprintf.o)
 .rodata.npio2_hw
                0x0807fa74       0x80 C:\gnu\ARM\arm-none-eabi\lib\thumb\libm.a(lib_a-e_rem_pio2.o)
 .rodata.two_over_pi
                0x0807faf4      0x108 C:\gnu\ARM\arm-none-eabi\lib\thumb\libm.a(lib_a-e_rem_pio2.o)
 .rodata.init_jk
                0x0807fbfc       0x10 C:\gnu\ARM\arm-none-eabi\lib\thumb\libm.a(lib_a-k_rem_pio2.o)
 *fill*         0x0807fc0c        0x4 
 .rodata.PIo2   0x0807fc10       0x40 C:\gnu\ARM\arm-none-eabi\lib\thumb\libm.a(lib_a-k_rem_pio2.o)
 *(.eh_frame*)
 .eh_frame      0x0807fc50        0x0 c:/gnu/arm/bin/../lib/gcc/arm-none-eabi/4.9.3/armv7e-m/crtbegin.o
 .eh_frame      0x0807fc50       0x44 C:\gnu\ARM\arm-none-eabi\lib\thumb\libc.a(lib_a-strcmp.o)
 .eh_frame      0x0807fc94        0x4 c:/gnu/arm/bin/../lib/gcc/arm-none-eabi/4.9.3/armv7e-m/crtend.o

.glue_7         0x0807fc98        0x0
 .glue_7        0x00000000        0x0 linker stubs

.glue_7t        0x0807fc98        0x0
 .glue_7t       0x00000000        0x0 linker stubs

.vfp11_veneer   0x0807fc98        0x0
 .vfp11_veneer  0x00000000        0x0 linker stubs

.v4_bx          0x0807fc98        0x0
 .v4_bx         0x00000000        0x0 linker stubs

.iplt           0x0807fc98        0x0
 .iplt          0x00000000        0x0 c:/gnu/arm/bin/../lib/gcc/arm-none-eabi/4.9.3/armv7e-m/crtbegin.o

.ARM.extab      0x0807fc98        0x0
 *(.ARM.extab* .gnu.linkonce.armextab.*)
 .ARM.extab     0x0807fc98        0x0 c:/gnu/arm/bin/../lib/gcc/arm-none-eabi/4.9.3/../../../../arm-none-eabi/lib/armv7e-m/crt0.o
 .ARM.extab     0x0807fc98        0x0 c:/gnu/arm/bin/../lib/gcc/arm-none-eabi/4.9.3/armv7e-m\libgcc.a(_divdi3.o)
 .ARM.extab     0x0807fc98        0x0 c:/gnu/arm/bin/../lib/gcc/arm-none-eabi/4.9.3/armv7e-m\libgcc.a(_udivdi3.o)
                0x0807fc98                __exidx_start = .

.ARM.exidx      0x0807fc98        0x8
 *(.ARM.exidx* .gnu.linkonce.armexidx.*)
 .ARM.exidx     0x0807fc98        0x8 c:/gnu/arm/bin/../lib/gcc/arm-none-eabi/4.9.3/../../../../arm-none-eabi/lib/armv7e-m/crt0.o
 .ARM.exidx     0x0807fca0        0x0 c:/gnu/arm/bin/../lib/gcc/arm-none-eabi/4.9.3/armv7e-m\libgcc.a(_divdi3.o)
                                  0x8 (size before relaxing)
 .ARM.exidx     0x0807fca0        0x0 c:/gnu/arm/bin/../lib/gcc/arm-none-eabi/4.9.3/armv7e-m\libgcc.a(_udivdi3.o)
                                  0x8 (size before relaxing)
                0x0807fca0                __exidx_end = .
                0x0807fca0                __etext = .

.rel.dyn        0x0807fca0        0x0
 .rel.iplt      0x00000000        0x0 c:/gnu/arm/bin/../lib/gcc/arm-none-eabi/4.9.3/armv7e-m/crtbegin.o

.data           0x20000000      0xa58 load address 0x0807fca0
                0x20000000                __data_start__ = .
 *(vtable)
 *(.data*)
 .data          0x20000000        0x0 c:/gnu/arm/bin/../lib/gcc/arm-none-eabi/4.9.3/armv7e-m/crti.o
 .data          0x20000000        0x4 c:/gnu/arm/bin/../lib/gcc/arm-none-eabi/4.9.3/armv7e-m/crtbegin.o
                0x20000000                __dso_handle
 .data          0x20000004        0x0 c:/gnu/arm/bin/../lib/gcc/arm-none-eabi/4.9.3/../../../../arm-none-eabi/lib/armv7e-m/crt0.o
 .data          0x20000004        0x0 obj/Event.o
 .data          0x20000004       0x2c obj/NumbersView.o
                0x20000004                names
 .data          0x20000030        0x4 obj/STMPE811QTR.o
                0x20000030                IOE_TimeOut
 .data          0x20000034        0x0 obj/SW_wrapper.o
 .data          0x20000034        0x0 obj/StopWachFSM.o
 .data          0x20000034       0x14 obj/Touch.o
 .data          0x20000048        0x0 obj/Watch.o
 .data          0x20000048       0x56 obj/Widget.o
                0x20000048                Font48x72
                0x20000054                Font32x48
                0x20000060                Font24x36
                0x2000006c                Font16x24
                0x20000078                Font12x12
                0x20000084                Font8x12
                0x20000090                Font8x8
 *fill*         0x2000009e        0x2 
 .data          0x200000a0       0x90 obj/WidgetConfig.o
                0x200000a0                buttontime
                0x200000ac                buttontimeset
                0x200000b8                buttonalarm
                0x200000c4                buttonswatch
                0x200000d0                buttonChronoPauseplay
                0x200000dc                buttonChronoStop
                0x200000e8                buttonsmode
                0x200000f4                buttonplus
                0x20000100                buttonminus
                0x2000010c                buttonleft
                0x20000118                buttonrigth
                0x20000124                txt
                0x2000012c                backg
 .data          0x20000130        0x0 obj/WigetsView.o
 .data          0x20000130        0x8 obj/code.o
                0x20000130                Psecond
 .data          0x20000138        0x0 obj/debug.o
 .data          0x20000138       0x30 obj/eecfg.o
                0x20000138                EE_th_status
                0x20000140                EE_th_next
                0x20000148                EE_stkfirst
                0x2000014c                EE_th_rnact
                0x20000154                EE_rq_first
                0x20000158                EE_th_terminate_nextask
                0x20000160                EE_counter_RAM
 .data          0x20000168        0x0 obj/pictures.o
 .data          0x20000168        0x0 obj/pkg/mcu/st_stm32_stm32f4xx/src/startup_stm32f4xx_gnu.o
 .data          0x20000168       0x14 obj/pkg/mcu/st_stm32_stm32f4xx/src/system_stm32f4xx.o
                0x20000168                SystemCoreClock
                0x2000016c                AHBPrescTable
 .data          0x2000017c        0x0 libee.a(ee_hal_structs.o)
 .data          0x2000017c        0x0 libee.a(ee_utils.o)
 .data          0x2000017c        0x0 libee.a(ee_gnu_change_context_isr.o)
 .data          0x2000017c        0x0 libee.a(ee_irqendin.o)
 .data          0x2000017c        0x0 libee.a(ee_tstub.o)
 .data          0x2000017c        0x0 libee.a(ee_lookup.o)
 .data          0x2000017c        0x0 libee.a(ee_rq_exchg.o)
 .data          0x2000017c        0x0 libee.a(ee_alsetrel.o)
 .data          0x2000017c        0x0 libee.a(ee_altick.o)
 .data          0x2000017c        0x0 libee.a(ee_context.o)
 .data          0x2000017c        0x0 libee.a(ee_gnu_oo.o)
 .data          0x2000017c        0x0 libee.a(ee_tnterm.o)
 .data          0x2000017c        0x0 libee.a(ee_rq_inser.o)
 .data          0x2000017c        0x0 libee.a(ee_context.o)
 .data          0x2000017c        0x0 libee.a(ee_thendin.o)
 .data          0x2000017c        0x0 libstm32f4xxspd.a(stm32f4xx_dma.o)
 .data          0x2000017c        0x0 libstm32f4xxspd.a(stm32f4xx_fsmc.o)
 .data          0x2000017c        0x0 libstm32f4xxspd.a(stm32f4xx_gpio.o)
 .data          0x2000017c        0x0 libstm32f4xxspd.a(stm32f4xx_i2c.o)
 .data          0x2000017c       0x10 libstm32f4xxspd.a(stm32f4xx_rcc.o)
 .data          0x2000018c        0x0 c:/gnu/arm/bin/../lib/gcc/arm-none-eabi/4.9.3/armv7e-m\libgcc.a(_arm_addsubdf3.o)
 .data          0x2000018c        0x0 c:/gnu/arm/bin/../lib/gcc/arm-none-eabi/4.9.3/armv7e-m\libgcc.a(_arm_muldivdf3.o)
 .data          0x2000018c        0x0 c:/gnu/arm/bin/../lib/gcc/arm-none-eabi/4.9.3/armv7e-m\libgcc.a(_arm_cmpdf2.o)
 .data          0x2000018c        0x0 c:/gnu/arm/bin/../lib/gcc/arm-none-eabi/4.9.3/armv7e-m\libgcc.a(_arm_fixdfsi.o)
 .data          0x2000018c        0x0 c:/gnu/arm/bin/../lib/gcc/arm-none-eabi/4.9.3/armv7e-m\libgcc.a(_arm_fixunsdfsi.o)
 .data          0x2000018c        0x0 c:/gnu/arm/bin/../lib/gcc/arm-none-eabi/4.9.3/armv7e-m\libgcc.a(_arm_truncdfsf2.o)
 .data          0x2000018c        0x0 c:/gnu/arm/bin/../lib/gcc/arm-none-eabi/4.9.3/armv7e-m\libgcc.a(_arm_addsubsf3.o)
 .data          0x2000018c        0x0 c:/gnu/arm/bin/../lib/gcc/arm-none-eabi/4.9.3/armv7e-m\libgcc.a(_arm_muldivsf3.o)
 .data          0x2000018c        0x0 c:/gnu/arm/bin/../lib/gcc/arm-none-eabi/4.9.3/armv7e-m\libgcc.a(_arm_fixsfsi.o)
 .data          0x2000018c        0x0 c:/gnu/arm/bin/../lib/gcc/arm-none-eabi/4.9.3/armv7e-m\libgcc.a(_arm_fixunssfsi.o)
 .data          0x2000018c        0x0 C:\gnu\ARM\arm-none-eabi\lib\thumb\libc.a(lib_a-exit.o)
 .data          0x2000018c        0x0 C:\gnu\ARM\arm-none-eabi\lib\thumb\libc.a(lib_a-impure.o)
 *fill*         0x2000018c        0x4 
 .data.impure_data
                0x20000190      0x428 C:\gnu\ARM\arm-none-eabi\lib\thumb\libc.a(lib_a-impure.o)
 .data._impure_ptr
                0x200005b8        0x4 C:\gnu\ARM\arm-none-eabi\lib\thumb\libc.a(lib_a-impure.o)
                0x200005b8                _impure_ptr
 .data          0x200005bc        0x0 C:\gnu\ARM\arm-none-eabi\lib\thumb\libc.a(lib_a-init.o)
 .data          0x200005bc        0x0 C:\gnu\ARM\arm-none-eabi\lib\thumb\libc.a(lib_a-memset.o)
 .data          0x200005bc        0x0 C:\gnu\ARM\arm-none-eabi\lib\thumb\libc.a(lib_a-sprintf.o)
 .data          0x200005bc        0x0 C:\gnu\ARM\arm-none-eabi\lib\thumb\libc.a(lib_a-svfprintf.o)
 .data          0x200005bc        0x0 C:\gnu\ARM\arm-none-eabi\lib\thumb\libc.a(lib_a-__call_atexit.o)
 .data          0x200005bc        0x0 C:\gnu\ARM\arm-none-eabi\lib\thumb\libc.a(lib_a-atexit.o)
 .data          0x200005bc        0x0 C:\gnu\ARM\arm-none-eabi\lib\thumb\libc.a(lib_a-dtoa.o)
 .data          0x200005bc        0x0 C:\gnu\ARM\arm-none-eabi\lib\thumb\libc.a(lib_a-fini.o)
 .data          0x200005bc        0x0 C:\gnu\ARM\arm-none-eabi\lib\thumb\libc.a(lib_a-locale.o)
 .data.lc_message_charset
                0x200005bc       0x20 C:\gnu\ARM\arm-none-eabi\lib\thumb\libc.a(lib_a-locale.o)
 .data.lconv    0x200005dc       0x38 C:\gnu\ARM\arm-none-eabi\lib\thumb\libc.a(lib_a-locale.o)
 .data.lc_ctype_charset
                0x20000614       0x20 C:\gnu\ARM\arm-none-eabi\lib\thumb\libc.a(lib_a-locale.o)
 .data.__mb_cur_max
                0x20000634        0x4 C:\gnu\ARM\arm-none-eabi\lib\thumb\libc.a(lib_a-locale.o)
                0x20000634                __mb_cur_max
 .data          0x20000638        0x0 C:\gnu\ARM\arm-none-eabi\lib\thumb\libc.a(lib_a-mallocr.o)
 .data.__malloc_av_
                0x20000638      0x408 C:\gnu\ARM\arm-none-eabi\lib\thumb\libc.a(lib_a-mallocr.o)
                0x20000638                __malloc_av_
 .data.__malloc_trim_threshold
                0x20000a40        0x4 C:\gnu\ARM\arm-none-eabi\lib\thumb\libc.a(lib_a-mallocr.o)
                0x20000a40                __malloc_trim_threshold
 .data.__malloc_sbrk_base
                0x20000a44        0x4 C:\gnu\ARM\arm-none-eabi\lib\thumb\libc.a(lib_a-mallocr.o)
                0x20000a44                __malloc_sbrk_base
 .data          0x20000a48        0x0 C:\gnu\ARM\arm-none-eabi\lib\thumb\libc.a(lib_a-memchr.o)
 .data          0x20000a48        0x0 C:\gnu\ARM\arm-none-eabi\lib\thumb\libc.a(lib_a-memcpy.o)
 .data          0x20000a48        0x0 C:\gnu\ARM\arm-none-eabi\lib\thumb\libc.a(lib_a-mlock.o)
 .data          0x20000a48        0x0 C:\gnu\ARM\arm-none-eabi\lib\thumb\libc.a(lib_a-mprec.o)
 .data          0x20000a48        0x0 C:\gnu\ARM\arm-none-eabi\lib\thumb\libc.a(lib_a-s_fpclassify.o)
 .data          0x20000a48        0x0 C:\gnu\ARM\arm-none-eabi\lib\thumb\libc.a(lib_a-sbrkr.o)
 .data          0x20000a48        0x0 C:\gnu\ARM\arm-none-eabi\lib\thumb\libc.a(lib_a-strcmp.o)
 .data          0x20000a48        0x0 C:\gnu\ARM\arm-none-eabi\lib\thumb\libc.a(lib_a-strlen.o)
 .data          0x20000a48        0x0 C:\gnu\ARM\arm-none-eabi\lib\thumb\libc.a(lib_a-svfiprintf.o)
 .data          0x20000a48        0x0 C:\gnu\ARM\arm-none-eabi\lib\thumb\libc.a(lib_a-__atexit.o)
 .data          0x20000a48        0x0 C:\gnu\ARM\arm-none-eabi\lib\thumb\libc.a(lib_a-callocr.o)
 .data          0x20000a48        0x0 C:\gnu\ARM\arm-none-eabi\lib\thumb\libc.a(lib_a-freer.o)
 .data          0x20000a48        0x0 C:\gnu\ARM\arm-none-eabi\lib\thumb\libc.a(lib_a-memmove.o)
 .data          0x20000a48        0x0 C:\gnu\ARM\arm-none-eabi\lib\thumb\libc.a(lib_a-reallocr.o)
 .data          0x20000a48        0x0 C:\gnu\ARM\arm-none-eabi\lib\thumb\libc.a(lib_a-reent.o)
 .data          0x20000a48        0x0 C:\gnu\ARM\arm-none-eabi\lib\thumb\libm.a(lib_a-s_cos.o)
 .data          0x20000a48        0x0 C:\gnu\ARM\arm-none-eabi\lib\thumb\libm.a(lib_a-s_sin.o)
 .data          0x20000a48        0x0 C:\gnu\ARM\arm-none-eabi\lib\thumb\libm.a(lib_a-e_rem_pio2.o)
 .data          0x20000a48        0x0 C:\gnu\ARM\arm-none-eabi\lib\thumb\libm.a(lib_a-k_cos.o)
 .data          0x20000a48        0x0 C:\gnu\ARM\arm-none-eabi\lib\thumb\libm.a(lib_a-k_rem_pio2.o)
 .data          0x20000a48        0x0 C:\gnu\ARM\arm-none-eabi\lib\thumb\libm.a(lib_a-k_sin.o)
 .data          0x20000a48        0x0 C:\gnu\ARM\arm-none-eabi\lib\thumb\libm.a(lib_a-s_fabs.o)
 .data          0x20000a48        0x0 C:\gnu\ARM\arm-none-eabi\lib\thumb\libm.a(lib_a-s_floor.o)
 .data          0x20000a48        0x0 C:\gnu\ARM\arm-none-eabi\lib\thumb\libm.a(lib_a-s_scalbn.o)
 .data          0x20000a48        0x0 C:\gnu\ARM\arm-none-eabi\lib\thumb\libm.a(lib_a-s_copysign.o)
 .data          0x20000a48        0x0 C:\gnu\ARM\arm-none-eabi\lib\thumb\libnosys.a(sbrk.o)
 .data          0x20000a48        0x0 c:/gnu/arm/bin/../lib/gcc/arm-none-eabi/4.9.3/armv7e-m\libgcc.a(_udivsi3.o)
 .data          0x20000a48        0x0 c:/gnu/arm/bin/../lib/gcc/arm-none-eabi/4.9.3/armv7e-m\libgcc.a(_divsi3.o)
 .data          0x20000a48        0x0 c:/gnu/arm/bin/../lib/gcc/arm-none-eabi/4.9.3/armv7e-m\libgcc.a(_dvmd_tls.o)
 .data          0x20000a48        0x0 c:/gnu/arm/bin/../lib/gcc/arm-none-eabi/4.9.3/armv7e-m\libgcc.a(_aeabi_uldivmod.o)
 .data          0x20000a48        0x0 c:/gnu/arm/bin/../lib/gcc/arm-none-eabi/4.9.3/armv7e-m\libgcc.a(bpabi.o)
 .data          0x20000a48        0x0 c:/gnu/arm/bin/../lib/gcc/arm-none-eabi/4.9.3/armv7e-m\libgcc.a(_divdi3.o)
 .data          0x20000a48        0x0 c:/gnu/arm/bin/../lib/gcc/arm-none-eabi/4.9.3/armv7e-m\libgcc.a(_udivdi3.o)
 .data          0x20000a48        0x0 c:/gnu/arm/bin/../lib/gcc/arm-none-eabi/4.9.3/armv7e-m/crtend.o
 .data          0x20000a48        0x0 c:/gnu/arm/bin/../lib/gcc/arm-none-eabi/4.9.3/armv7e-m/crtn.o
                0x20000a48                . = ALIGN (0x4)
                0x20000a48                PROVIDE (__preinit_array_start, .)
 *(.preinit_array)
                0x20000a48                PROVIDE (__preinit_array_end, .)
                0x20000a48                . = ALIGN (0x4)
                0x20000a48                PROVIDE (__init_array_start, .)
 *(SORT(.init_array.*))
 .init_array.00000
                0x20000a48        0x4 C:\gnu\ARM\arm-none-eabi\lib\thumb\libc.a(lib_a-__call_atexit.o)
 *(.init_array)
 .init_array    0x20000a4c        0x4 c:/gnu/arm/bin/../lib/gcc/arm-none-eabi/4.9.3/armv7e-m/crtbegin.o
                0x20000a50                PROVIDE (__init_array_end, .)
                0x20000a50                . = ALIGN (0x4)
                0x20000a50                PROVIDE (__fini_array_start, .)
 *(SORT(.fini_array.*))
 *(.fini_array)
 .fini_array    0x20000a50        0x4 c:/gnu/arm/bin/../lib/gcc/arm-none-eabi/4.9.3/armv7e-m/crtbegin.o
                0x20000a54                PROVIDE (__fini_array_end, .)
 *(.jcr*)
 .jcr           0x20000a54        0x0 c:/gnu/arm/bin/../lib/gcc/arm-none-eabi/4.9.3/armv7e-m/crtbegin.o
 .jcr           0x20000a54        0x4 c:/gnu/arm/bin/../lib/gcc/arm-none-eabi/4.9.3/armv7e-m/crtend.o
                0x20000a58                . = ALIGN (0x4)
                0x20000a58                __data_end__ = .

.igot.plt       0x20000a58        0x0 load address 0x080806f8
 .igot.plt      0x00000000        0x0 c:/gnu/arm/bin/../lib/gcc/arm-none-eabi/4.9.3/armv7e-m/crtbegin.o

.bss            0x20000a58      0x1c4 load address 0x080806f8
                0x20000a58                . = ALIGN (0x4)
                0x20000a58                __bss_start__ = .
 *(.bss*)
 .bss           0x20000a58        0x0 c:/gnu/arm/bin/../lib/gcc/arm-none-eabi/4.9.3/armv7e-m/crti.o
 .bss           0x20000a58       0x1c c:/gnu/arm/bin/../lib/gcc/arm-none-eabi/4.9.3/armv7e-m/crtbegin.o
 .bss           0x20000a74        0x0 c:/gnu/arm/bin/../lib/gcc/arm-none-eabi/4.9.3/../../../../arm-none-eabi/lib/armv7e-m/crt0.o
 .bss           0x20000a74        0x0 obj/Event.o
 .bss           0x20000a74        0x0 obj/NumbersView.o
 .bss           0x20000a74        0x4 obj/STMPE811QTR.o
 .bss           0x20000a78        0x0 obj/SW_wrapper.o
 .bss           0x20000a78       0x10 obj/StopWachFSM.o
                0x20000a78                StartClockscreen
                0x20000a7c                StartSetScreen
                0x20000a80                StartAlarmScreen
                0x20000a84                StartChronoscreen
 .bss           0x20000a88        0x0 obj/Touch.o
 .bss           0x20000a88        0x4 obj/Watch.o
 .bss           0x20000a8c        0x6 obj/Widget.o
 .bss           0x20000a92        0x0 obj/WidgetConfig.o
 .bss           0x20000a92        0x0 obj/WigetsView.o
 .bss           0x20000a92        0x7 obj/code.o
                0x20000a92                hours
                0x20000a93                minutes
                0x20000a94                seconds
                0x20000a95                tenths
 .bss           0x20000a99        0x0 obj/debug.o
 *fill*         0x20000a99        0x3 
 .bss           0x20000a9c        0x4 obj/eecfg.o
                0x20000a9c                EE_sys_ceiling
 .bss           0x20000aa0        0x0 obj/pictures.o
 .bss           0x20000aa0        0x0 obj/pkg/mcu/st_stm32_stm32f4xx/src/startup_stm32f4xx_gnu.o
 .bss           0x20000aa0        0x0 obj/pkg/mcu/st_stm32_stm32f4xx/src/system_stm32f4xx.o
 .bss           0x20000aa0        0x0 libee.a(ee_hal_structs.o)
 .bss           0x20000aa0        0x0 libee.a(ee_utils.o)
 .bss           0x20000aa0        0x0 libee.a(ee_gnu_change_context_isr.o)
 .bss           0x20000aa0        0x0 libee.a(ee_irqendin.o)
 .bss           0x20000aa0        0x0 libee.a(ee_tstub.o)
 .bss           0x20000aa0        0x0 libee.a(ee_lookup.o)
 .bss           0x20000aa0        0x0 libee.a(ee_rq_exchg.o)
 .bss           0x20000aa0        0x0 libee.a(ee_alsetrel.o)
 .bss           0x20000aa0        0x0 libee.a(ee_altick.o)
 .bss           0x20000aa0        0x0 libee.a(ee_context.o)
 .bss           0x20000aa0        0x0 libee.a(ee_gnu_oo.o)
 .bss           0x20000aa0        0x0 libee.a(ee_tnterm.o)
 .bss           0x20000aa0        0x0 libee.a(ee_rq_inser.o)
 .bss           0x20000aa0        0x0 libee.a(ee_context.o)
 .bss           0x20000aa0        0x0 libee.a(ee_thendin.o)
 .bss           0x20000aa0        0x0 libstm32f4xxspd.a(stm32f4xx_dma.o)
 .bss           0x20000aa0        0x0 libstm32f4xxspd.a(stm32f4xx_fsmc.o)
 .bss           0x20000aa0        0x0 libstm32f4xxspd.a(stm32f4xx_gpio.o)
 .bss           0x20000aa0        0x0 libstm32f4xxspd.a(stm32f4xx_i2c.o)
 .bss           0x20000aa0        0x0 libstm32f4xxspd.a(stm32f4xx_rcc.o)
 .bss           0x20000aa0        0x0 c:/gnu/arm/bin/../lib/gcc/arm-none-eabi/4.9.3/armv7e-m\libgcc.a(_arm_addsubdf3.o)
 .bss           0x20000aa0        0x0 c:/gnu/arm/bin/../lib/gcc/arm-none-eabi/4.9.3/armv7e-m\libgcc.a(_arm_muldivdf3.o)
 .bss           0x20000aa0        0x0 c:/gnu/arm/bin/../lib/gcc/arm-none-eabi/4.9.3/armv7e-m\libgcc.a(_arm_cmpdf2.o)
 .bss           0x20000aa0        0x0 c:/gnu/arm/bin/../lib/gcc/arm-none-eabi/4.9.3/armv7e-m\libgcc.a(_arm_fixdfsi.o)
 .bss           0x20000aa0        0x0 c:/gnu/arm/bin/../lib/gcc/arm-none-eabi/4.9.3/armv7e-m\libgcc.a(_arm_fixunsdfsi.o)
 .bss           0x20000aa0        0x0 c:/gnu/arm/bin/../lib/gcc/arm-none-eabi/4.9.3/armv7e-m\libgcc.a(_arm_truncdfsf2.o)
 .bss           0x20000aa0        0x0 c:/gnu/arm/bin/../lib/gcc/arm-none-eabi/4.9.3/armv7e-m\libgcc.a(_arm_addsubsf3.o)
 .bss           0x20000aa0        0x0 c:/gnu/arm/bin/../lib/gcc/arm-none-eabi/4.9.3/armv7e-m\libgcc.a(_arm_muldivsf3.o)
 .bss           0x20000aa0        0x0 c:/gnu/arm/bin/../lib/gcc/arm-none-eabi/4.9.3/armv7e-m\libgcc.a(_arm_fixsfsi.o)
 .bss           0x20000aa0        0x0 c:/gnu/arm/bin/../lib/gcc/arm-none-eabi/4.9.3/armv7e-m\libgcc.a(_arm_fixunssfsi.o)
 .bss           0x20000aa0        0x0 C:\gnu\ARM\arm-none-eabi\lib\thumb\libc.a(lib_a-exit.o)
 .bss           0x20000aa0        0x0 C:\gnu\ARM\arm-none-eabi\lib\thumb\libc.a(lib_a-impure.o)
 .bss           0x20000aa0        0x0 C:\gnu\ARM\arm-none-eabi\lib\thumb\libc.a(lib_a-init.o)
 .bss           0x20000aa0        0x0 C:\gnu\ARM\arm-none-eabi\lib\thumb\libc.a(lib_a-memset.o)
 .bss           0x20000aa0        0x0 C:\gnu\ARM\arm-none-eabi\lib\thumb\libc.a(lib_a-sprintf.o)
 .bss           0x20000aa0        0x0 C:\gnu\ARM\arm-none-eabi\lib\thumb\libc.a(lib_a-svfprintf.o)
 .bss           0x20000aa0        0x0 C:\gnu\ARM\arm-none-eabi\lib\thumb\libc.a(lib_a-__call_atexit.o)
 .bss           0x20000aa0        0x0 C:\gnu\ARM\arm-none-eabi\lib\thumb\libc.a(lib_a-atexit.o)
 .bss           0x20000aa0        0x0 C:\gnu\ARM\arm-none-eabi\lib\thumb\libc.a(lib_a-dtoa.o)
 .bss           0x20000aa0        0x0 C:\gnu\ARM\arm-none-eabi\lib\thumb\libc.a(lib_a-fini.o)
 .bss           0x20000aa0        0x0 C:\gnu\ARM\arm-none-eabi\lib\thumb\libc.a(lib_a-locale.o)
 .bss._PathLocale
                0x20000aa0        0x4 C:\gnu\ARM\arm-none-eabi\lib\thumb\libc.a(lib_a-locale.o)
                0x20000aa0                _PathLocale
 .bss.__nlocale_changed
                0x20000aa4        0x4 C:\gnu\ARM\arm-none-eabi\lib\thumb\libc.a(lib_a-locale.o)
                0x20000aa4                __nlocale_changed
 .bss.__mlocale_changed
                0x20000aa8        0x4 C:\gnu\ARM\arm-none-eabi\lib\thumb\libc.a(lib_a-locale.o)
                0x20000aa8                __mlocale_changed
 .bss           0x20000aac        0x0 C:\gnu\ARM\arm-none-eabi\lib\thumb\libc.a(lib_a-mallocr.o)
 .bss.__malloc_max_total_mem
                0x20000aac        0x4 C:\gnu\ARM\arm-none-eabi\lib\thumb\libc.a(lib_a-mallocr.o)
                0x20000aac                __malloc_max_total_mem
 .bss.__malloc_max_sbrked_mem
                0x20000ab0        0x4 C:\gnu\ARM\arm-none-eabi\lib\thumb\libc.a(lib_a-mallocr.o)
                0x20000ab0                __malloc_max_sbrked_mem
 .bss.__malloc_top_pad
                0x20000ab4        0x4 C:\gnu\ARM\arm-none-eabi\lib\thumb\libc.a(lib_a-mallocr.o)
                0x20000ab4                __malloc_top_pad
 .bss.__malloc_current_mallinfo
                0x20000ab8       0x28 C:\gnu\ARM\arm-none-eabi\lib\thumb\libc.a(lib_a-mallocr.o)
                0x20000ab8                __malloc_current_mallinfo
 .bss           0x20000ae0        0x0 C:\gnu\ARM\arm-none-eabi\lib\thumb\libc.a(lib_a-memchr.o)
 .bss           0x20000ae0        0x0 C:\gnu\ARM\arm-none-eabi\lib\thumb\libc.a(lib_a-memcpy.o)
 .bss           0x20000ae0        0x0 C:\gnu\ARM\arm-none-eabi\lib\thumb\libc.a(lib_a-mlock.o)
 .bss           0x20000ae0        0x0 C:\gnu\ARM\arm-none-eabi\lib\thumb\libc.a(lib_a-mprec.o)
 .bss           0x20000ae0        0x0 C:\gnu\ARM\arm-none-eabi\lib\thumb\libc.a(lib_a-s_fpclassify.o)
 .bss           0x20000ae0        0x0 C:\gnu\ARM\arm-none-eabi\lib\thumb\libc.a(lib_a-sbrkr.o)
 .bss           0x20000ae0        0x0 C:\gnu\ARM\arm-none-eabi\lib\thumb\libc.a(lib_a-strcmp.o)
 .bss           0x20000ae0        0x0 C:\gnu\ARM\arm-none-eabi\lib\thumb\libc.a(lib_a-strlen.o)
 .bss           0x20000ae0        0x0 C:\gnu\ARM\arm-none-eabi\lib\thumb\libc.a(lib_a-svfiprintf.o)
 .bss           0x20000ae0        0x0 C:\gnu\ARM\arm-none-eabi\lib\thumb\libc.a(lib_a-__atexit.o)
 .bss           0x20000ae0        0x0 C:\gnu\ARM\arm-none-eabi\lib\thumb\libc.a(lib_a-callocr.o)
 .bss           0x20000ae0        0x0 C:\gnu\ARM\arm-none-eabi\lib\thumb\libc.a(lib_a-freer.o)
 .bss           0x20000ae0        0x0 C:\gnu\ARM\arm-none-eabi\lib\thumb\libc.a(lib_a-memmove.o)
 .bss           0x20000ae0        0x0 C:\gnu\ARM\arm-none-eabi\lib\thumb\libc.a(lib_a-reallocr.o)
 .bss           0x20000ae0        0x0 C:\gnu\ARM\arm-none-eabi\lib\thumb\libc.a(lib_a-reent.o)
 .bss           0x20000ae0        0x0 C:\gnu\ARM\arm-none-eabi\lib\thumb\libm.a(lib_a-s_cos.o)
 .bss           0x20000ae0        0x0 C:\gnu\ARM\arm-none-eabi\lib\thumb\libm.a(lib_a-s_sin.o)
 .bss           0x20000ae0        0x0 C:\gnu\ARM\arm-none-eabi\lib\thumb\libm.a(lib_a-e_rem_pio2.o)
 .bss           0x20000ae0        0x0 C:\gnu\ARM\arm-none-eabi\lib\thumb\libm.a(lib_a-k_cos.o)
 .bss           0x20000ae0        0x0 C:\gnu\ARM\arm-none-eabi\lib\thumb\libm.a(lib_a-k_rem_pio2.o)
 .bss           0x20000ae0        0x0 C:\gnu\ARM\arm-none-eabi\lib\thumb\libm.a(lib_a-k_sin.o)
 .bss           0x20000ae0        0x0 C:\gnu\ARM\arm-none-eabi\lib\thumb\libm.a(lib_a-s_fabs.o)
 .bss           0x20000ae0        0x0 C:\gnu\ARM\arm-none-eabi\lib\thumb\libm.a(lib_a-s_floor.o)
 .bss           0x20000ae0        0x0 C:\gnu\ARM\arm-none-eabi\lib\thumb\libm.a(lib_a-s_scalbn.o)
 .bss           0x20000ae0        0x0 C:\gnu\ARM\arm-none-eabi\lib\thumb\libm.a(lib_a-s_copysign.o)
 .bss           0x20000ae0        0x0 C:\gnu\ARM\arm-none-eabi\lib\thumb\libnosys.a(sbrk.o)
 .bss.heap_end.4079
                0x20000ae0        0x4 C:\gnu\ARM\arm-none-eabi\lib\thumb\libnosys.a(sbrk.o)
 .bss           0x20000ae4        0x0 c:/gnu/arm/bin/../lib/gcc/arm-none-eabi/4.9.3/armv7e-m\libgcc.a(_udivsi3.o)
 .bss           0x20000ae4        0x0 c:/gnu/arm/bin/../lib/gcc/arm-none-eabi/4.9.3/armv7e-m\libgcc.a(_divsi3.o)
 .bss           0x20000ae4        0x0 c:/gnu/arm/bin/../lib/gcc/arm-none-eabi/4.9.3/armv7e-m\libgcc.a(_dvmd_tls.o)
 .bss           0x20000ae4        0x0 c:/gnu/arm/bin/../lib/gcc/arm-none-eabi/4.9.3/armv7e-m\libgcc.a(_aeabi_uldivmod.o)
 .bss           0x20000ae4        0x0 c:/gnu/arm/bin/../lib/gcc/arm-none-eabi/4.9.3/armv7e-m\libgcc.a(bpabi.o)
 .bss           0x20000ae4        0x0 c:/gnu/arm/bin/../lib/gcc/arm-none-eabi/4.9.3/armv7e-m\libgcc.a(_divdi3.o)
 .bss           0x20000ae4        0x0 c:/gnu/arm/bin/../lib/gcc/arm-none-eabi/4.9.3/armv7e-m\libgcc.a(_udivdi3.o)
 .bss           0x20000ae4        0x0 c:/gnu/arm/bin/../lib/gcc/arm-none-eabi/4.9.3/armv7e-m/crtend.o
 .bss           0x20000ae4        0x0 c:/gnu/arm/bin/../lib/gcc/arm-none-eabi/4.9.3/armv7e-m/crtn.o
 *(COMMON)
 COMMON         0x20000ae4        0x1 obj/Event.o
                0x20000ae4                evts
 *fill*         0x20000ae5        0x3 
 COMMON         0x20000ae8        0x3 obj/NumbersView.o
                0x20000ae8                number
 *fill*         0x20000aeb        0x1 
 COMMON         0x20000aec        0x8 obj/STMPE811QTR.o
                0x20000aec                TS_State
 COMMON         0x20000af4        0x8 obj/StopWachFSM.o
                0x20000af4                cEvent
                0x20000af8                CurrentSetup
 COMMON         0x20000afc       0x20 obj/Touch.o
                0x20000afc                touch_points
                0x20000b10                tcs
 COMMON         0x20000b1c       0xbe obj/code.o
                0x20000b1c                mywatch
                0x20000b20                Min
                0x20000b34                Hour
                0x20000b48                A
                0x20000b84                Currentwatch
                0x20000b88                Sec
                0x20000b9c                button
                0x20000ba0                Dstate
                0x20000bb8                buzzer
                0x20000bb9                mode
                0x20000bbc                MyFSM
                0x20000bd0                tick
                0x20000bd4                Sigstate
 *fill*         0x20000bda        0x2 
 COMMON         0x20000bdc       0x2c obj/eecfg.o
                0x20000bdc                EE_terminate_data
                0x20000be4                EE_oo_counter_object_RAM
                0x20000c04                EE_ApplicationMode
 COMMON         0x20000c08        0x8 libee.a(ee_hal_structs.o)
                0x20000c08                EE_IRQ_nesting_level
                0x20000c0c                EE_std_endcycle_next_tid
 COMMON         0x20000c10        0x8 libee.a(ee_lookup.o)
                0x20000c10                EE_oo_IRQ_disable_count
                0x20000c14                EE_oo_IRQ_suspend_status
 COMMON         0x20000c18        0x4 C:\gnu\ARM\arm-none-eabi\lib\thumb\libc.a(lib_a-reent.o)
                0x20000c18                errno
                0x20000c1c                . = ALIGN (0x4)
                0x20000c1c                __bss_end__ = .

.heap           0x20000c20      0x100
                0x20000c20                __end__ = .
                0x20000c20                end = __end__
 *(.heap*)
 .heap          0x20000c20      0x100 obj/pkg/mcu/st_stm32_stm32f4xx/src/startup_stm32f4xx_gnu.o
                0x20000c20                __HeapBase
                0x20000d20                __HeapLimit = .

.stack_dummy    0x20000c20      0xc00
 *(.stack*)
 .stack         0x20000c20      0xc00 obj/pkg/mcu/st_stm32_stm32f4xx/src/startup_stm32f4xx_gnu.o
                0x20020000                __StackTop = (ORIGIN (RAM) + 0x20000)
                0x2001f400                __StackLimit = (__StackTop - SIZEOF (.stack_dummy))
                0x20020000                PROVIDE (__stack, __StackTop)
                0x00000001                ASSERT ((__StackLimit >= __HeapLimit), region RAM overflowed with stack)
                0x10000000                __CcmOrigin = ORIGIN (CCM)
                0x00010000                __CcmLen = 0x10000
START GROUP
LOAD c:/gnu/arm/bin/../lib/gcc/arm-none-eabi/4.9.3/armv7e-m\libgcc.a
LOAD C:\gnu\ARM\arm-none-eabi\lib\thumb\libg.a
LOAD C:\gnu\ARM\arm-none-eabi\lib\thumb\libc.a
END GROUP
LOAD c:/gnu/arm/bin/../lib/gcc/arm-none-eabi/4.9.3/armv7e-m/crtend.o
LOAD c:/gnu/arm/bin/../lib/gcc/arm-none-eabi/4.9.3/armv7e-m/crtn.o
OUTPUT(c_mX.elf elf32-littlearm)

.ARM.attributes
                0x00000000       0x2c
 .ARM.attributes
                0x00000000       0x1e c:/gnu/arm/bin/../lib/gcc/arm-none-eabi/4.9.3/armv7e-m/crti.o
 .ARM.attributes
                0x0000001e       0x2e c:/gnu/arm/bin/../lib/gcc/arm-none-eabi/4.9.3/armv7e-m/crtbegin.o
 .ARM.attributes
                0x0000004c       0x1c c:/gnu/arm/bin/../lib/gcc/arm-none-eabi/4.9.3/../../../../arm-none-eabi/lib/armv7e-m/crt0.o
 .ARM.attributes
                0x00000068       0x33 obj/Event.o
 .ARM.attributes
                0x0000009b       0x33 obj/NumbersView.o
 .ARM.attributes
                0x000000ce       0x33 obj/STMPE811QTR.o
 .ARM.attributes
                0x00000101       0x33 obj/SW_wrapper.o
 .ARM.attributes
                0x00000134       0x33 obj/StopWachFSM.o
 .ARM.attributes
                0x00000167       0x33 obj/Touch.o
 .ARM.attributes
                0x0000019a       0x33 obj/Watch.o
 .ARM.attributes
                0x000001cd       0x33 obj/Widget.o
 .ARM.attributes
                0x00000200       0x33 obj/WidgetConfig.o
 .ARM.attributes
                0x00000233       0x33 obj/WigetsView.o
 .ARM.attributes
                0x00000266       0x33 obj/code.o
 .ARM.attributes
                0x00000299       0x33 obj/debug.o
 .ARM.attributes
                0x000002cc       0x33 obj/eecfg.o
 .ARM.attributes
                0x000002ff       0x33 obj/pictures.o
 .ARM.attributes
                0x00000332       0x1c obj/pkg/mcu/st_stm32_stm32f4xx/src/startup_stm32f4xx_gnu.o
 .ARM.attributes
                0x0000034e       0x33 obj/pkg/mcu/st_stm32_stm32f4xx/src/system_stm32f4xx.o
 .ARM.attributes
                0x00000381       0x33 libee.a(ee_hal_structs.o)
 .ARM.attributes
                0x000003b4       0x33 libee.a(ee_utils.o)
 .ARM.attributes
                0x000003e7       0x21 libee.a(ee_gnu_change_context_isr.o)
 .ARM.attributes
                0x00000408       0x33 libee.a(ee_irqendin.o)
 .ARM.attributes
                0x0000043b       0x33 libee.a(ee_tstub.o)
 .ARM.attributes
                0x0000046e       0x33 libee.a(ee_lookup.o)
 .ARM.attributes
                0x000004a1       0x33 libee.a(ee_rq_exchg.o)
 .ARM.attributes
                0x000004d4       0x33 libee.a(ee_alsetrel.o)
 .ARM.attributes
                0x00000507       0x33 libee.a(ee_altick.o)
 .ARM.attributes
                0x0000053a       0x33 libee.a(ee_context.o)
 .ARM.attributes
                0x0000056d       0x21 libee.a(ee_gnu_oo.o)
 .ARM.attributes
                0x0000058e       0x33 libee.a(ee_tnterm.o)
 .ARM.attributes
                0x000005c1       0x33 libee.a(ee_rq_inser.o)
 .ARM.attributes
                0x000005f4       0x33 libee.a(ee_context.o)
 .ARM.attributes
                0x00000627       0x33 libee.a(ee_thendin.o)
 .ARM.attributes
                0x0000065a       0x33 libstm32f4xxspd.a(stm32f4xx_dma.o)
 .ARM.attributes
                0x0000068d       0x33 libstm32f4xxspd.a(stm32f4xx_fsmc.o)
 .ARM.attributes
                0x000006c0       0x33 libstm32f4xxspd.a(stm32f4xx_gpio.o)
 .ARM.attributes
                0x000006f3       0x33 libstm32f4xxspd.a(stm32f4xx_i2c.o)
 .ARM.attributes
                0x00000726       0x33 libstm32f4xxspd.a(stm32f4xx_rcc.o)
 .ARM.attributes
                0x00000759       0x1e c:/gnu/arm/bin/../lib/gcc/arm-none-eabi/4.9.3/armv7e-m\libgcc.a(_arm_addsubdf3.o)
 .ARM.attributes
                0x00000777       0x1e c:/gnu/arm/bin/../lib/gcc/arm-none-eabi/4.9.3/armv7e-m\libgcc.a(_arm_muldivdf3.o)
 .ARM.attributes
                0x00000795       0x1e c:/gnu/arm/bin/../lib/gcc/arm-none-eabi/4.9.3/armv7e-m\libgcc.a(_arm_cmpdf2.o)
 .ARM.attributes
                0x000007b3       0x1e c:/gnu/arm/bin/../lib/gcc/arm-none-eabi/4.9.3/armv7e-m\libgcc.a(_arm_fixdfsi.o)
 .ARM.attributes
                0x000007d1       0x1e c:/gnu/arm/bin/../lib/gcc/arm-none-eabi/4.9.3/armv7e-m\libgcc.a(_arm_fixunsdfsi.o)
 .ARM.attributes
                0x000007ef       0x1e c:/gnu/arm/bin/../lib/gcc/arm-none-eabi/4.9.3/armv7e-m\libgcc.a(_arm_truncdfsf2.o)
 .ARM.attributes
                0x0000080d       0x1e c:/gnu/arm/bin/../lib/gcc/arm-none-eabi/4.9.3/armv7e-m\libgcc.a(_arm_addsubsf3.o)
 .ARM.attributes
                0x0000082b       0x1e c:/gnu/arm/bin/../lib/gcc/arm-none-eabi/4.9.3/armv7e-m\libgcc.a(_arm_muldivsf3.o)
 .ARM.attributes
                0x00000849       0x1e c:/gnu/arm/bin/../lib/gcc/arm-none-eabi/4.9.3/armv7e-m\libgcc.a(_arm_fixsfsi.o)
 .ARM.attributes
                0x00000867       0x1e c:/gnu/arm/bin/../lib/gcc/arm-none-eabi/4.9.3/armv7e-m\libgcc.a(_arm_fixunssfsi.o)
 .ARM.attributes
                0x00000885       0x30 C:\gnu\ARM\arm-none-eabi\lib\thumb\libc.a(lib_a-exit.o)
 .ARM.attributes
                0x000008b5       0x30 C:\gnu\ARM\arm-none-eabi\lib\thumb\libc.a(lib_a-impure.o)
 .ARM.attributes
                0x000008e5       0x30 C:\gnu\ARM\arm-none-eabi\lib\thumb\libc.a(lib_a-init.o)
 .ARM.attributes
                0x00000915       0x30 C:\gnu\ARM\arm-none-eabi\lib\thumb\libc.a(lib_a-memset.o)
 .ARM.attributes
                0x00000945       0x30 C:\gnu\ARM\arm-none-eabi\lib\thumb\libc.a(lib_a-sprintf.o)
 .ARM.attributes
                0x00000975       0x30 C:\gnu\ARM\arm-none-eabi\lib\thumb\libc.a(lib_a-svfprintf.o)
 .ARM.attributes
                0x000009a5       0x30 C:\gnu\ARM\arm-none-eabi\lib\thumb\libc.a(lib_a-__call_atexit.o)
 .ARM.attributes
                0x000009d5       0x30 C:\gnu\ARM\arm-none-eabi\lib\thumb\libc.a(lib_a-atexit.o)
 .ARM.attributes
                0x00000a05       0x30 C:\gnu\ARM\arm-none-eabi\lib\thumb\libc.a(lib_a-dtoa.o)
 .ARM.attributes
                0x00000a35       0x30 C:\gnu\ARM\arm-none-eabi\lib\thumb\libc.a(lib_a-fini.o)
 .ARM.attributes
                0x00000a65       0x30 C:\gnu\ARM\arm-none-eabi\lib\thumb\libc.a(lib_a-locale.o)
 .ARM.attributes
                0x00000a95       0x30 C:\gnu\ARM\arm-none-eabi\lib\thumb\libc.a(lib_a-mallocr.o)
 .ARM.attributes
                0x00000ac5       0x30 C:\gnu\ARM\arm-none-eabi\lib\thumb\libc.a(lib_a-memchr.o)
 .ARM.attributes
                0x00000af5       0x30 C:\gnu\ARM\arm-none-eabi\lib\thumb\libc.a(lib_a-memcpy.o)
 .ARM.attributes
                0x00000b25       0x30 C:\gnu\ARM\arm-none-eabi\lib\thumb\libc.a(lib_a-mlock.o)
 .ARM.attributes
                0x00000b55       0x30 C:\gnu\ARM\arm-none-eabi\lib\thumb\libc.a(lib_a-mprec.o)
 .ARM.attributes
                0x00000b85       0x30 C:\gnu\ARM\arm-none-eabi\lib\thumb\libc.a(lib_a-s_fpclassify.o)
 .ARM.attributes
                0x00000bb5       0x30 C:\gnu\ARM\arm-none-eabi\lib\thumb\libc.a(lib_a-sbrkr.o)
 .ARM.attributes
                0x00000be5       0x16 C:\gnu\ARM\arm-none-eabi\lib\thumb\libc.a(lib_a-strcmp.o)
 .ARM.attributes
                0x00000bfb       0x30 C:\gnu\ARM\arm-none-eabi\lib\thumb\libc.a(lib_a-strlen.o)
 .ARM.attributes
                0x00000c2b       0x30 C:\gnu\ARM\arm-none-eabi\lib\thumb\libc.a(lib_a-svfiprintf.o)
 .ARM.attributes
                0x00000c5b       0x30 C:\gnu\ARM\arm-none-eabi\lib\thumb\libc.a(lib_a-__atexit.o)
 .ARM.attributes
                0x00000c8b       0x30 C:\gnu\ARM\arm-none-eabi\lib\thumb\libc.a(lib_a-callocr.o)
 .ARM.attributes
                0x00000cbb       0x30 C:\gnu\ARM\arm-none-eabi\lib\thumb\libc.a(lib_a-freer.o)
 .ARM.attributes
                0x00000ceb       0x30 C:\gnu\ARM\arm-none-eabi\lib\thumb\libc.a(lib_a-memmove.o)
 .ARM.attributes
                0x00000d1b       0x30 C:\gnu\ARM\arm-none-eabi\lib\thumb\libc.a(lib_a-reallocr.o)
 .ARM.attributes
                0x00000d4b       0x30 C:\gnu\ARM\arm-none-eabi\lib\thumb\libc.a(lib_a-reent.o)
 .ARM.attributes
                0x00000d7b       0x30 C:\gnu\ARM\arm-none-eabi\lib\thumb\libm.a(lib_a-s_cos.o)
 .ARM.attributes
                0x00000dab       0x30 C:\gnu\ARM\arm-none-eabi\lib\thumb\libm.a(lib_a-s_sin.o)
 .ARM.attributes
                0x00000ddb       0x30 C:\gnu\ARM\arm-none-eabi\lib\thumb\libm.a(lib_a-e_rem_pio2.o)
 .ARM.attributes
                0x00000e0b       0x30 C:\gnu\ARM\arm-none-eabi\lib\thumb\libm.a(lib_a-k_cos.o)
 .ARM.attributes
                0x00000e3b       0x30 C:\gnu\ARM\arm-none-eabi\lib\thumb\libm.a(lib_a-k_rem_pio2.o)
 .ARM.attributes
                0x00000e6b       0x30 C:\gnu\ARM\arm-none-eabi\lib\thumb\libm.a(lib_a-k_sin.o)
 .ARM.attributes
                0x00000e9b       0x30 C:\gnu\ARM\arm-none-eabi\lib\thumb\libm.a(lib_a-s_fabs.o)
 .ARM.attributes
                0x00000ecb       0x30 C:\gnu\ARM\arm-none-eabi\lib\thumb\libm.a(lib_a-s_floor.o)
 .ARM.attributes
                0x00000efb       0x30 C:\gnu\ARM\arm-none-eabi\lib\thumb\libm.a(lib_a-s_scalbn.o)
 .ARM.attributes
                0x00000f2b       0x30 C:\gnu\ARM\arm-none-eabi\lib\thumb\libm.a(lib_a-s_copysign.o)
 .ARM.attributes
                0x00000f5b       0x30 C:\gnu\ARM\arm-none-eabi\lib\thumb\libnosys.a(sbrk.o)
 .ARM.attributes
                0x00000f8b       0x1e c:/gnu/arm/bin/../lib/gcc/arm-none-eabi/4.9.3/armv7e-m\libgcc.a(_udivsi3.o)
 .ARM.attributes
                0x00000fa9       0x1e c:/gnu/arm/bin/../lib/gcc/arm-none-eabi/4.9.3/armv7e-m\libgcc.a(_divsi3.o)
 .ARM.attributes
                0x00000fc7       0x1e c:/gnu/arm/bin/../lib/gcc/arm-none-eabi/4.9.3/armv7e-m\libgcc.a(_dvmd_tls.o)
 .ARM.attributes
                0x00000fe5       0x1e c:/gnu/arm/bin/../lib/gcc/arm-none-eabi/4.9.3/armv7e-m\libgcc.a(_aeabi_uldivmod.o)
 .ARM.attributes
                0x00001003       0x2e c:/gnu/arm/bin/../lib/gcc/arm-none-eabi/4.9.3/armv7e-m\libgcc.a(bpabi.o)
 .ARM.attributes
                0x00001031       0x2e c:/gnu/arm/bin/../lib/gcc/arm-none-eabi/4.9.3/armv7e-m\libgcc.a(_divdi3.o)
 .ARM.attributes
                0x0000105f       0x2e c:/gnu/arm/bin/../lib/gcc/arm-none-eabi/4.9.3/armv7e-m\libgcc.a(_udivdi3.o)
 .ARM.attributes
                0x0000108d       0x2e c:/gnu/arm/bin/../lib/gcc/arm-none-eabi/4.9.3/armv7e-m/crtend.o
 .ARM.attributes
                0x000010bb       0x1e c:/gnu/arm/bin/../lib/gcc/arm-none-eabi/4.9.3/armv7e-m/crtn.o

.comment        0x00000000       0x70
 .comment       0x00000000       0x70 obj/Event.o
                                 0x71 (size before relaxing)
 .comment       0x00000000       0x71 obj/NumbersView.o